Archive member included to satisfy reference by file (symbol)

C:\Users\andre\DOCUME~1\GITKRA~1\pro4E\ARDUIN~1\ATMEL_~1\PROJEC~1\PROJEC~1\ARDUIN~1\Debug\libArduinoCore.a(HardwareSerial.o)
                              Sketch.o (_ZN14HardwareSerial5beginEmh)
C:\Users\andre\DOCUME~1\GITKRA~1\pro4E\ARDUIN~1\ATMEL_~1\PROJEC~1\PROJEC~1\ARDUIN~1\Debug\libArduinoCore.a(HardwareSerial0.o)
                              Sketch.o (Serial)
C:\Users\andre\DOCUME~1\GITKRA~1\pro4E\ARDUIN~1\ATMEL_~1\PROJEC~1\PROJEC~1\ARDUIN~1\Debug\libArduinoCore.a(main.o)
                              C:/Program Files (x86)/Atmel/Studio/7.0/Packs/atmel/ATmega_DFP/1.2.132/gcc/dev/atmega328p/avr5/crtatmega328p.o (main)
C:\Users\andre\DOCUME~1\GITKRA~1\pro4E\ARDUIN~1\ATMEL_~1\PROJEC~1\PROJEC~1\ARDUIN~1\Debug\libArduinoCore.a(Print.o)
                              C:\Users\andre\DOCUME~1\GITKRA~1\pro4E\ARDUIN~1\ATMEL_~1\PROJEC~1\PROJEC~1\ARDUIN~1\Debug\libArduinoCore.a(HardwareSerial.o) (_ZN5Print5writeEPKhj)
C:\Users\andre\DOCUME~1\GITKRA~1\pro4E\ARDUIN~1\ATMEL_~1\PROJEC~1\PROJEC~1\ARDUIN~1\Debug\libArduinoCore.a(wiring.o)
                              Sketch.o (delay)
C:\Users\andre\DOCUME~1\GITKRA~1\pro4E\ARDUIN~1\ATMEL_~1\PROJEC~1\PROJEC~1\ARDUIN~1\Debug\libArduinoCore.a(SoftwareSerial.o)
                              Sketch.o (_ZN14SoftwareSerial4readEv)
C:\Users\andre\DOCUME~1\GITKRA~1\pro4E\ARDUIN~1\ATMEL_~1\PROJEC~1\PROJEC~1\ARDUIN~1\Debug\libArduinoCore.a(abi.o)
                              C:\Users\andre\DOCUME~1\GITKRA~1\pro4E\ARDUIN~1\ATMEL_~1\PROJEC~1\PROJEC~1\ARDUIN~1\Debug\libArduinoCore.a(Print.o) (__cxa_pure_virtual)
C:\Users\andre\DOCUME~1\GITKRA~1\pro4E\ARDUIN~1\ATMEL_~1\PROJEC~1\PROJEC~1\ARDUIN~1\Debug\libArduinoCore.a(hooks.o)
                              C:\Users\andre\DOCUME~1\GITKRA~1\pro4E\ARDUIN~1\ATMEL_~1\PROJEC~1\PROJEC~1\ARDUIN~1\Debug\libArduinoCore.a(wiring.o) (yield)
C:\Users\andre\DOCUME~1\GITKRA~1\pro4E\ARDUIN~1\ATMEL_~1\PROJEC~1\PROJEC~1\ARDUIN~1\Debug\libArduinoCore.a(wiring_digital.o)
                              C:\Users\andre\DOCUME~1\GITKRA~1\pro4E\ARDUIN~1\ATMEL_~1\PROJEC~1\PROJEC~1\ARDUIN~1\Debug\libArduinoCore.a(SoftwareSerial.o) (pinMode)
c:/program files (x86)/atmel/studio/7.0/toolchain/avr8/avr8-gnu-toolchain/bin/../lib/gcc/avr/5.4.0/../../../../avr/lib/avr5\libm.a(addsf3.o)
                              C:\Users\andre\DOCUME~1\GITKRA~1\pro4E\ARDUIN~1\ATMEL_~1\PROJEC~1\PROJEC~1\ARDUIN~1\Debug\libArduinoCore.a(Print.o) (__subsf3)
c:/program files (x86)/atmel/studio/7.0/toolchain/avr8/avr8-gnu-toolchain/bin/../lib/gcc/avr/5.4.0/../../../../avr/lib/avr5\libm.a(addsf3x.o)
                              c:/program files (x86)/atmel/studio/7.0/toolchain/avr8/avr8-gnu-toolchain/bin/../lib/gcc/avr/5.4.0/../../../../avr/lib/avr5\libm.a(addsf3.o) (__addsf3x)
c:/program files (x86)/atmel/studio/7.0/toolchain/avr8/avr8-gnu-toolchain/bin/../lib/gcc/avr/5.4.0/../../../../avr/lib/avr5\libm.a(cmpsf2.o)
                              C:\Users\andre\DOCUME~1\GITKRA~1\pro4E\ARDUIN~1\ATMEL_~1\PROJEC~1\PROJEC~1\ARDUIN~1\Debug\libArduinoCore.a(Print.o) (__ltsf2)
c:/program files (x86)/atmel/studio/7.0/toolchain/avr8/avr8-gnu-toolchain/bin/../lib/gcc/avr/5.4.0/../../../../avr/lib/avr5\libm.a(divsf3.o)
                              C:\Users\andre\DOCUME~1\GITKRA~1\pro4E\ARDUIN~1\ATMEL_~1\PROJEC~1\PROJEC~1\ARDUIN~1\Debug\libArduinoCore.a(Print.o) (__divsf3)
c:/program files (x86)/atmel/studio/7.0/toolchain/avr8/avr8-gnu-toolchain/bin/../lib/gcc/avr/5.4.0/../../../../avr/lib/avr5\libm.a(divsf3x.o)
                              c:/program files (x86)/atmel/studio/7.0/toolchain/avr8/avr8-gnu-toolchain/bin/../lib/gcc/avr/5.4.0/../../../../avr/lib/avr5\libm.a(divsf3.o) (__divsf3x)
c:/program files (x86)/atmel/studio/7.0/toolchain/avr8/avr8-gnu-toolchain/bin/../lib/gcc/avr/5.4.0/../../../../avr/lib/avr5\libm.a(fixunssfsi.o)
                              C:\Users\andre\DOCUME~1\GITKRA~1\pro4E\ARDUIN~1\ATMEL_~1\PROJEC~1\PROJEC~1\ARDUIN~1\Debug\libArduinoCore.a(Print.o) (__fixunssfsi)
c:/program files (x86)/atmel/studio/7.0/toolchain/avr8/avr8-gnu-toolchain/bin/../lib/gcc/avr/5.4.0/../../../../avr/lib/avr5\libm.a(floatsisf.o)
                              C:\Users\andre\DOCUME~1\GITKRA~1\pro4E\ARDUIN~1\ATMEL_~1\PROJEC~1\PROJEC~1\ARDUIN~1\Debug\libArduinoCore.a(Print.o) (__floatunsisf)
c:/program files (x86)/atmel/studio/7.0/toolchain/avr8/avr8-gnu-toolchain/bin/../lib/gcc/avr/5.4.0/../../../../avr/lib/avr5\libm.a(fp_cmp.o)
                              c:/program files (x86)/atmel/studio/7.0/toolchain/avr8/avr8-gnu-toolchain/bin/../lib/gcc/avr/5.4.0/../../../../avr/lib/avr5\libm.a(cmpsf2.o) (__fp_cmp)
c:/program files (x86)/atmel/studio/7.0/toolchain/avr8/avr8-gnu-toolchain/bin/../lib/gcc/avr/5.4.0/../../../../avr/lib/avr5\libm.a(fp_inf.o)
[...]
Memory Configuration

Name             Origin             Length             Attributes
text             0x00000000         0x00020000         xr
data             0x00800060         0x0000ffa0         rw !x
eeprom           0x00810000         0x00010000         rw !x
fuse             0x00820000         0x00000003         rw !x
lock             0x00830000         0x00000400         rw !x
signature        0x00840000         0x00000400         rw !x
user_signatures  0x00850000         0x00000400         rw !x
*default*        0x00000000         0xffffffff

Linker script and memory map

Address of section .data set to 0x800100
LOAD C:/Program Files (x86)/Atmel/Studio/7.0/Packs/atmel/ATmega_DFP/1.2.132/gcc/dev/atmega328p/avr5/crtatmega328p.o
LOAD Sketch.o
START GROUP
LOAD c:/program files (x86)/atmel/studio/7.0/toolchain/avr8/avr8-gnu-toolchain/bin/../lib/gcc/avr/5.4.0/../../../../avr/lib/avr5\libm.a
LOAD C:\Users\andre\DOCUME~1\GITKRA~1\pro4E\ARDUIN~1\ATMEL_~1\PROJEC~1\PROJEC~1\ARDUIN~1\Debug\libArduinoCore.a
END GROUP
LOAD c:/program files (x86)/atmel/studio/7.0/toolchain/avr8/avr8-gnu-toolchain/bin/../lib/gcc/avr/5.4.0/avr5\libgcc.a
LOAD c:/program files (x86)/atmel/studio/7.0/toolchain/avr8/avr8-gnu-toolchain/bin/../lib/gcc/avr/5.4.0/../../../../avr/lib/avr5\libm.a
START GROUP
LOAD c:/program files (x86)/atmel/studio/7.0/toolchain/avr8/avr8-gnu-toolchain/bin/../lib/gcc/avr/5.4.0/avr5\libgcc.a
LOAD c:/program files (x86)/atmel/studio/7.0/toolchain/avr8/avr8-gnu-toolchain/bin/../lib/gcc/avr/5.4.0/../../../../avr/lib/avr5\libm.a
LOAD c:/program files (x86)/atmel/studio/7.0/toolchain/avr8/avr8-gnu-toolchain/bin/../lib/gcc/avr/5.4.0/../../../../avr/lib/avr5\libc.a
LOAD C:/Program Files (x86)/Atmel/Studio/7.0/Packs/atmel/ATmega_DFP/1.2.132/gcc/dev/atmega328p/avr5\libatmega328p.a
END GROUP
                0x00020000                __TEXT_REGION_LENGTH__ = DEFINED (__TEXT_REGION_LENGTH__)?__TEXT_REGION_LENGTH__:0x20000
                0x0000ffa0                __DATA_REGION_LENGTH__ = DEFINED (__DATA_REGION_LENGTH__)?__DATA_REGION_LENGTH__:0xffa0
                0x00010000                __EEPROM_REGION_LENGTH__ = DEFINED (__EEPROM_REGION_LENGTH__)?__EEPROM_REGION_LENGTH__:0x10000
                [0x00000003]                __FUSE_REGION_LENGTH__ = DEFINED (__FUSE_REGION_LENGTH__)?__FUSE_REGION_LENGTH__:0x400
                0x00000400                __LOCK_REGION_LENGTH__ = DEFINED (__LOCK_REGION_LENGTH__)?__LOCK_REGION_LENGTH__:0x400
                0x00000400                __SIGNATURE_REGION_LENGTH__ = DEFINED (__SIGNATURE_REGION_LENGTH__)?__SIGNATURE_REGION_LENGTH__:0x400
                0x00000400                __USER_SIGNATURE_REGION_LENGTH__ = DEFINED (__USER_SIGNATURE_REGION_LENGTH__)?__USER_SIGNATURE_REGION_LENGTH__:0x400

.hash
 *(.hash)

.dynsym
 *(.dynsym)

.dynstr
 *(.dynstr)

.gnu.version
 *(.gnu.version)

.gnu.version_d
 *(.gnu.version_d)

.gnu.version_r
 *(.gnu.version_r)

.rel.init
 *(.rel.init)

.rela.init
 *(.rela.init)

.rel.text
 *(.rel.text)
 *(.rel.text.*)
 *(.rel.gnu.linkonce.t*)

.rela.text
 *(.rela.text)
 *(.rela.text.*)
 *(.rela.gnu.linkonce.t*)

.rel.fini
 *(.rel.fini)

.rela.fini
 *(.rela.fini)

.rel.rodata
 *(.rel.rodata)
 *(.rel.rodata.*)
 *(.rel.gnu.linkonce.r*)

.rela.rodata
 *(.rela.rodata)
 *(.rela.rodata.*)
 *(.rela.gnu.linkonce.r*)

.rel.data
 *(.rel.data)
 *(.rel.data.*)
 *(.rel.gnu.linkonce.d*)

.rela.data
 *(.rela.data)
 *(.rela.data.*)
 *(.rela.gnu.linkonce.d*)

.rel.ctors
 *(.rel.ctors)

.rela.ctors
 *(.rela.ctors)

.rel.dtors
 *(.rel.dtors)

.rela.dtors
 *(.rela.dtors)

.rel.got
 *(.rel.got)

.rela.got
 *(.rela.got)

.rel.bss
 *(.rel.bss)

.rela.bss
 *(.rela.bss)

.rel.plt
 *(.rel.plt)

.rela.plt
 *(.rela.plt)

.text           0x00000000     0x11f6
 *(.vectors)
 .vectors       0x00000000       0x68 C:/Program Files (x86)/Atmel/Studio/7.0/Packs/atmel/ATmega_DFP/1.2.132/gcc/dev/atmega328p/avr5/crtatmega328p.o
                0x00000000                __vector_default
                0x00000000                __vectors
 *(.vectors)
 *(.progmem.gcc*)
                0x00000068                . = ALIGN (0x2)
                0x00000068                __trampolines_start = .
 *(.trampolines)
 .trampolines   0x00000068        0x0 linker stubs
 *(.trampolines*)
                0x00000068                __trampolines_end = .
 *libprintf_flt.a:*(.progmem.data)
 *libc.a:*(.progmem.data)
 *(.progmem*)
 .progmem.data.digital_pin_to_timer_PGM
                0x00000068       0x14 C:\Users\andre\DOCUME~1\GITKRA~1\pro4E\ARDUIN~1\ATMEL_~1\PROJEC~1\PROJEC~1\ARDUIN~1\Debug\libArduinoCore.a(wiring_digital.o)
                0x00000068                digital_pin_to_timer_PGM
 .progmem.data.digital_pin_to_bit_mask_PGM
                0x0000007c       0x14 C:\Users\andre\DOCUME~1\GITKRA~1\pro4E\ARDUIN~1\ATMEL_~1\PROJEC~1\PROJEC~1\ARDUIN~1\Debug\libArduinoCore.a(wiring_digital.o)
                0x0000007c                digital_pin_to_bit_mask_PGM
 .progmem.data.digital_pin_to_port_PGM
                0x00000090       0x14 C:\Users\andre\DOCUME~1\GITKRA~1\pro4E\ARDUIN~1\ATMEL_~1\PROJEC~1\PROJEC~1\ARDUIN~1\Debug\libArduinoCore.a(wiring_digital.o)
                0x00000090                digital_pin_to_port_PGM
 .progmem.data.port_to_input_PGM
                0x000000a4        0xa C:\Users\andre\DOCUME~1\GITKRA~1\pro4E\ARDUIN~1\ATMEL_~1\PROJEC~1\PROJEC~1\ARDUIN~1\Debug\libArduinoCore.a(wiring_digital.o)
                0x000000a4                port_to_input_PGM
 .progmem.data.port_to_output_PGM
                0x000000ae        0xa C:\Users\andre\DOCUME~1\GITKRA~1\pro4E\ARDUIN~1\ATMEL_~1\PROJEC~1\PROJEC~1\ARDUIN~1\Debug\libArduinoCore.a(wiring_digital.o)
                0x000000ae                port_to_output_PGM
 .progmem.data.port_to_mode_PGM
                0x000000b8        0xa C:\Users\andre\DOCUME~1\GITKRA~1\pro4E\ARDUIN~1\ATMEL_~1\PROJEC~1\PROJEC~1\ARDUIN~1\Debug\libArduinoCore.a(wiring_digital.o)
                0x000000b8                port_to_mode_PGM
                0x000000c2                . = ALIGN (0x2)
 *(.jumptables)
 *(.jumptables*)
 *(.lowtext)
 *(.lowtext*)
                0x000000c2                __ctors_start = .
 *(.ctors)
 .ctors         0x000000c2        0x2 Sketch.o
 .ctors         0x000000c4        0x2 C:\Users\andre\DOCUME~1\GITKRA~1\pro4E\ARDUIN~1\ATMEL_~1\PROJEC~1\PROJEC~1\ARDUIN~1\Debug\libArduinoCore.a(HardwareSerial0.o)
                0x000000c6                __ctors_end = .
                0x000000c6                __dtors_start = .
 *(.dtors)
 .dtors         0x000000c6        0x2 Sketch.o
                0x000000c8                __dtors_end = .
 SORT(*)(.ctors)
 SORT(*)(.dtors)
 *(.init0)
 .init0         0x000000c8        0x0 C:/Program Files (x86)/Atmel/Studio/7.0/Packs/atmel/ATmega_DFP/1.2.132/gcc/dev/atmega328p/avr5/crtatmega328p.o
                0x000000c8                __init
 *(.init0)
 *(.init1)
 *(.init1)
 *(.init2)
 .init2         0x000000c8        0xc C:/Program Files (x86)/Atmel/Studio/7.0/Packs/atmel/ATmega_DFP/1.2.132/gcc/dev/atmega328p/avr5/crtatmega328p.o
 *(.init2)
 *(.init3)
 *(.init3)
 *(.init4)
 .init4         0x000000d4       0x16 c:/program files (x86)/atmel/studio/7.0/toolchain/avr8/avr8-gnu-toolchain/bin/../lib/gcc/avr/5.4.0/avr5\libgcc.a(_copy_data.o)
                0x000000d4                __do_copy_data
 .init4         0x000000ea       0x10 c:/program files (x86)/atmel/studio/7.0/toolchain/avr8/avr8-gnu-toolchain/bin/../lib/gcc/avr/5.4.0/avr5\libgcc.a(_clear_bss.o)
                0x000000ea                __do_clear_bss
 *(.init4)
 *(.init5)
 *(.init5)
 *(.init6)
 .init6         0x000000fa       0x16 c:/program files (x86)/atmel/studio/7.0/toolchain/avr8/avr8-gnu-toolchain/bin/../lib/gcc/avr/5.4.0/avr5\libgcc.a(_ctors.o)
                0x000000fa                __do_global_ctors
 *(.init6)
 *(.init7)
 *(.init7)
 *(.init8)
 *(.init8)
 *(.init9)
 .init9         0x00000110        0x8 C:/Program Files (x86)/Atmel/Studio/7.0/Packs/atmel/ATmega_DFP/1.2.132/gcc/dev/atmega328p/avr5/crtatmega328p.o
 *(.init9)
 *(.text)
 .text          0x00000118        0x4 C:/Program Files (x86)/Atmel/Studio/7.0/Packs/atmel/ATmega_DFP/1.2.132/gcc/dev/atmega328p/avr5/crtatmega328p.o
                0x00000118                __vector_22
                0x00000118                __vector_1
                0x00000118                __vector_24
                0x00000118                __vector_12
                0x00000118                __bad_interrupt
                0x00000118                __vector_6
                0x00000118                __vector_23
                0x00000118                __vector_25
                0x00000118                __vector_11
                0x00000118                __vector_13
                0x00000118                __vector_17
                0x00000118                __vector_7
                0x00000118                __vector_9
                0x00000118                __vector_2
                0x00000118                __vector_21
                0x00000118                __vector_15
                0x00000118                __vector_8
                0x00000118                __vector_14
                0x00000118                __vector_10
                0x00000118                __vector_20
                0x0000011c                . = ALIGN (0x2)
 *(.text.*)
 .text._Z15vibroControllerb
                0x0000011c       0x1c Sketch.o
                0x0000011c                _Z15vibroControllerb
 .text._Z13testComparingj
                0x00000138       0x48 Sketch.o
                0x00000138                _Z13testComparingj
 .text.startup._GLOBAL__sub_I_BTSerial
                0x00000180        0xe Sketch.o
 .text.exit._GLOBAL__sub_D_BTSerial
                0x0000018e        0x8 Sketch.o
 .text._Z11sendCommandi.part.3
                0x00000196       0x20 Sketch.o
 .text._Z11sendCommandi
                0x000001b6       0x34 Sketch.o
                0x000001b6                _Z11sendCommandi
 .text._Z10readAnswerv
                0x000001ea       0x14 Sketch.o
                0x000001ea                _Z10readAnswerv
 .text._Z13firstResponsev
                0x000001fe       0x3a Sketch.o
                0x000001fe                _Z13firstResponsev
 .text.setup    0x00000238       0x2a Sketch.o
                0x00000238                setup
 .text._Z12readValueDeci
                0x00000262       0x50 Sketch.o
                0x00000262                _Z12readValueDeci
 .text._Z12getUUID_RSSIv
                0x000002b2       0x76 Sketch.o
                0x000002b2                _Z12getUUID_RSSIv
 .text._Z13compareBeaconv
                0x00000328       0x72 Sketch.o
                0x00000328                _Z13compareBeaconv
 .text._Z17scanClosestBeaconv
                0x0000039a       0x62 Sketch.o
                0x0000039a                _Z17scanClosestBeaconv
 .text._Z4scanv
                0x000003fc        0x8 Sketch.o
                0x000003fc                _Z4scanv
 .text.loop     0x00000404       0x10 Sketch.o
                0x00000404                loop
 .text._ZN14HardwareSerial9availableEv
                0x00000414       0x18 C:\Users\andre\DOCUME~1\GITKRA~1\pro4E\ARDUIN~1\ATMEL_~1\PROJEC~1\PROJEC~1\ARDUIN~1\Debug\libArduinoCore.a(HardwareSerial.o)
                0x00000414                _ZN14HardwareSerial9availableEv
 .text._ZN14HardwareSerial4peekEv
                0x0000042c       0x1c C:\Users\andre\DOCUME~1\GITKRA~1\pro4E\ARDUIN~1\ATMEL_~1\PROJEC~1\PROJEC~1\ARDUIN~1\Debug\libArduinoCore.a(HardwareSerial.o)
                0x0000042c                _ZN14HardwareSerial4peekEv
 .text._ZN14HardwareSerial4readEv
                0x00000448       0x28 C:\Users\andre\DOCUME~1\GITKRA~1\pro4E\ARDUIN~1\ATMEL_~1\PROJEC~1\PROJEC~1\ARDUIN~1\Debug\libArduinoCore.a(HardwareSerial.o)
                0x00000448                _ZN14HardwareSerial4readEv
 .text._ZN14HardwareSerial17availableForWriteEv
                0x00000470       0x1e C:\Users\andre\DOCUME~1\GITKRA~1\pro4E\ARDUIN~1\ATMEL_~1\PROJEC~1\PROJEC~1\ARDUIN~1\Debug\libArduinoCore.a(HardwareSerial.o)
                0x00000470                _ZN14HardwareSerial17availableForWriteEv
 .text._Z14serialEventRunv
                0x0000048e       0x1c C:\Users\andre\DOCUME~1\GITKRA~1\pro4E\ARDUIN~1\ATMEL_~1\PROJEC~1\PROJEC~1\ARDUIN~1\Debug\libArduinoCore.a(HardwareSerial.o)
                0x0000048e                _Z14serialEventRunv
 .text._ZN14HardwareSerial17_tx_udr_empty_irqEv
                0x000004aa       0x42 C:\Users\andre\DOCUME~1\GITKRA~1\pro4E\ARDUIN~1\ATMEL_~1\PROJEC~1\PROJEC~1\ARDUIN~1\Debug\libArduinoCore.a(HardwareSerial.o)
                0x000004aa                _ZN14HardwareSerial17_tx_udr_empty_irqEv
 .text._ZN14HardwareSerial5writeEh
                0x000004ec       0x8e C:\Users\andre\DOCUME~1\GITKRA~1\pro4E\ARDUIN~1\ATMEL_~1\PROJEC~1\PROJEC~1\ARDUIN~1\Debug\libArduinoCore.a(HardwareSerial.o)
                0x000004ec                _ZN14HardwareSerial5writeEh
 .text._ZN14HardwareSerial5flushEv
                0x0000057a       0x44 C:\Users\andre\DOCUME~1\GITKRA~1\pro4E\ARDUIN~1\ATMEL_~1\PROJEC~1\PROJEC~1\ARDUIN~1\Debug\libArduinoCore.a(HardwareSerial.o)
                0x0000057a                _ZN14HardwareSerial5flushEv
 .text._ZN14HardwareSerial5beginEmh
                0x000005be       0xca C:\Users\andre\DOCUME~1\GITKRA~1\pro4E\ARDUIN~1\ATMEL_~1\PROJEC~1\PROJEC~1\ARDUIN~1\Debug\libArduinoCore.a(HardwareSerial.o)
                0x000005be                _ZN14HardwareSerial5beginEmh
 .text._ZN5Print17availableForWriteEv
                0x00000688        0x6 C:\Users\andre\DOCUME~1\GITKRA~1\pro4E\ARDUIN~1\ATMEL_~1\PROJEC~1\PROJEC~1\ARDUIN~1\Debug\libArduinoCore.a(HardwareSerial0.o)
                0x00000688                _ZN5Print17availableForWriteEv
 .text.__vector_18
                0x0000068e       0x64 C:\Users\andre\DOCUME~1\GITKRA~1\pro4E\ARDUIN~1\ATMEL_~1\PROJEC~1\PROJEC~1\ARDUIN~1\Debug\libArduinoCore.a(HardwareSerial0.o)
                0x0000068e                __vector_18
 .text.__vector_19
                0x000006f2       0x4c C:\Users\andre\DOCUME~1\GITKRA~1\pro4E\ARDUIN~1\ATMEL_~1\PROJEC~1\PROJEC~1\ARDUIN~1\Debug\libArduinoCore.a(HardwareSerial0.o)
                0x000006f2                __vector_19
 .text._Z17Serial0_availablev
                0x0000073e       0x14 C:\Users\andre\DOCUME~1\GITKRA~1\pro4E\ARDUIN~1\ATMEL_~1\PROJEC~1\PROJEC~1\ARDUIN~1\Debug\libArduinoCore.a(HardwareSerial0.o)
                0x0000073e                _Z17Serial0_availablev
 .text.startup._GLOBAL__sub_I___vector_18
                0x00000752       0x5a C:\Users\andre\DOCUME~1\GITKRA~1\pro4E\ARDUIN~1\ATMEL_~1\PROJEC~1\PROJEC~1\ARDUIN~1\Debug\libArduinoCore.a(HardwareSerial0.o)
 .text.initVariant
                0x000007ac        0x2 C:\Users\andre\DOCUME~1\GITKRA~1\pro4E\ARDUIN~1\ATMEL_~1\PROJEC~1\PROJEC~1\ARDUIN~1\Debug\libArduinoCore.a(main.o)
                0x000007ac                initVariant
 .text.startup.main
                0x000007ae       0x1e C:\Users\andre\DOCUME~1\GITKRA~1\pro4E\ARDUIN~1\ATMEL_~1\PROJEC~1\PROJEC~1\ARDUIN~1\Debug\libArduinoCore.a(main.o)
                0x000007ae                main
 .text._ZN5Print5writeEPKhj
                0x000007cc       0x54 C:\Users\andre\DOCUME~1\GITKRA~1\pro4E\ARDUIN~1\ATMEL_~1\PROJEC~1\PROJEC~1\ARDUIN~1\Debug\libArduinoCore.a(Print.o)
                0x000007cc                _ZN5Print5writeEPKhj
 .text._ZN5Print5writeEPKc
                0x00000820       0x2a C:\Users\andre\DOCUME~1\GITKRA~1\pro4E\ARDUIN~1\ATMEL_~1\PROJEC~1\PROJEC~1\ARDUIN~1\Debug\libArduinoCore.a(Print.o)
                0x00000820                _ZN5Print5writeEPKc
 .text._ZN5Print7printlnEv
                0x0000084a        0x8 C:\Users\andre\DOCUME~1\GITKRA~1\pro4E\ARDUIN~1\ATMEL_~1\PROJEC~1\PROJEC~1\ARDUIN~1\Debug\libArduinoCore.a(Print.o)
                0x0000084a                _ZN5Print7printlnEv
 .text._ZN5Print11printNumberEmh
                0x00000852       0x92 C:\Users\andre\DOCUME~1\GITKRA~1\pro4E\ARDUIN~1\ATMEL_~1\PROJEC~1\PROJEC~1\ARDUIN~1\Debug\libArduinoCore.a(Print.o)
                0x00000852                _ZN5Print11printNumberEmh
 .text._ZN5Print5printEmi
                0x000008e4       0x1a C:\Users\andre\DOCUME~1\GITKRA~1\pro4E\ARDUIN~1\ATMEL_~1\PROJEC~1\PROJEC~1\ARDUIN~1\Debug\libArduinoCore.a(Print.o)
                0x000008e4                _ZN5Print5printEmi
 .text._ZN5Print5printEji
                0x000008fe        0xc C:\Users\andre\DOCUME~1\GITKRA~1\pro4E\ARDUIN~1\ATMEL_~1\PROJEC~1\PROJEC~1\ARDUIN~1\Debug\libArduinoCore.a(Print.o)
                0x000008fe                _ZN5Print5printEji
 .text._ZN5Print7printlnEji
                0x0000090a       0x24 C:\Users\andre\DOCUME~1\GITKRA~1\pro4E\ARDUIN~1\ATMEL_~1\PROJEC~1\PROJEC~1\ARDUIN~1\Debug\libArduinoCore.a(Print.o)
                0x0000090a                _ZN5Print7printlnEji
 .text.__vector_16
                0x0000092e       0x94 C:\Users\andre\DOCUME~1\GITKRA~1\pro4E\ARDUIN~1\ATMEL_~1\PROJEC~1\PROJEC~1\ARDUIN~1\Debug\libArduinoCore.a(wiring.o)
                0x0000092e                __vector_16
 .text.micros   0x000009c2       0x4a C:\Users\andre\DOCUME~1\GITKRA~1\pro4E\ARDUIN~1\ATMEL_~1\PROJEC~1\PROJEC~1\ARDUIN~1\Debug\libArduinoCore.a(wiring.o)
                0x000009c2                micros
 .text.delay    0x00000a0c       0x78 C:\Users\andre\DOCUME~1\GITKRA~1\pro4E\ARDUIN~1\ATMEL_~1\PROJEC~1\PROJEC~1\ARDUIN~1\Debug\libArduinoCore.a(wiring.o)
                0x00000a0c                delay
 .text.init     0x00000a84       0x76 C:\Users\andre\DOCUME~1\GITKRA~1\pro4E\ARDUIN~1\ATMEL_~1\PROJEC~1\PROJEC~1\ARDUIN~1\Debug\libArduinoCore.a(wiring.o)
                0x00000a84                init
 .text._ZN14SoftwareSerial4readEv
                0x00000afa       0x42 C:\Users\andre\DOCUME~1\GITKRA~1\pro4E\ARDUIN~1\ATMEL_~1\PROJEC~1\PROJEC~1\ARDUIN~1\Debug\libArduinoCore.a(SoftwareSerial.o)
                0x00000afa                _ZN14SoftwareSerial4readEv
 .text._ZN14SoftwareSerial5writeEh
                0x00000b3c       0xa0 C:\Users\andre\DOCUME~1\GITKRA~1\pro4E\ARDUIN~1\ATMEL_~1\PROJEC~1\PROJEC~1\ARDUIN~1\Debug\libArduinoCore.a(SoftwareSerial.o)
                0x00000b3c                _ZN14SoftwareSerial5writeEh
 .text._ZN14SoftwareSerial5flushEv
                0x00000bdc        0x2 C:\Users\andre\DOCUME~1\GITKRA~1\pro4E\ARDUIN~1\ATMEL_~1\PROJEC~1\PROJEC~1\ARDUIN~1\Debug\libArduinoCore.a(SoftwareSerial.o)
                0x00000bdc                _ZN14SoftwareSerial5flushEv
 .text._ZN14SoftwareSerial4peekEv
                0x00000bde       0x30 C:\Users\andre\DOCUME~1\GITKRA~1\pro4E\ARDUIN~1\ATMEL_~1\PROJEC~1\PROJEC~1\ARDUIN~1\Debug\libArduinoCore.a(SoftwareSerial.o)
                0x00000bde                _ZN14SoftwareSerial4peekEv
 .text._ZN14SoftwareSerial9availableEv
                0x00000c0e       0x30 C:\Users\andre\DOCUME~1\GITKRA~1\pro4E\ARDUIN~1\ATMEL_~1\PROJEC~1\PROJEC~1\ARDUIN~1\Debug\libArduinoCore.a(SoftwareSerial.o)
                0x00000c0e                _ZN14SoftwareSerial9availableEv
 .text._ZN14SoftwareSerial13stopListeningEv
                0x00000c3e       0x2c C:\Users\andre\DOCUME~1\GITKRA~1\pro4E\ARDUIN~1\ATMEL_~1\PROJEC~1\PROJEC~1\ARDUIN~1\Debug\libArduinoCore.a(SoftwareSerial.o)
                0x00000c3e                _ZN14SoftwareSerial13stopListeningEv
 .text._ZN14SoftwareSerial6listenEv
                0x00000c6a       0x52 C:\Users\andre\DOCUME~1\GITKRA~1\pro4E\ARDUIN~1\ATMEL_~1\PROJEC~1\PROJEC~1\ARDUIN~1\Debug\libArduinoCore.a(SoftwareSerial.o)
                0x00000c6a                _ZN14SoftwareSerial6listenEv
 .text.__vector_3
                0x00000cbc       0xf4 C:\Users\andre\DOCUME~1\GITKRA~1\pro4E\ARDUIN~1\ATMEL_~1\PROJEC~1\PROJEC~1\ARDUIN~1\Debug\libArduinoCore.a(SoftwareSerial.o)
                0x00000cbc                __vector_5
                0x00000cbc                __vector_4
                0x00000cbc                __vector_3
 .text._ZN14SoftwareSerialD2Ev
                0x00000db0        0xe C:\Users\andre\DOCUME~1\GITKRA~1\pro4E\ARDUIN~1\ATMEL_~1\PROJEC~1\PROJEC~1\ARDUIN~1\Debug\libArduinoCore.a(SoftwareSerial.o)
                0x00000db0                _ZN14SoftwareSerialD1Ev
                0x00000db0                _ZN14SoftwareSerialD2Ev
 .text._ZN14SoftwareSerial5setTXEh
                0x00000dbe       0x52 C:\Users\andre\DOCUME~1\GITKRA~1\pro4E\ARDUIN~1\ATMEL_~1\PROJEC~1\PROJEC~1\ARDUIN~1\Debug\libArduinoCore.a(SoftwareSerial.o)
                0x00000dbe                _ZN14SoftwareSerial5setTXEh
 .text._ZN14SoftwareSerial5setRXEh
                0x00000e10       0x52 C:\Users\andre\DOCUME~1\GITKRA~1\pro4E\ARDUIN~1\ATMEL_~1\PROJEC~1\PROJEC~1\ARDUIN~1\Debug\libArduinoCore.a(SoftwareSerial.o)
                0x00000e10                _ZN14SoftwareSerial5setRXEh
 .text._ZN14SoftwareSerialC2Ehhb
                0x00000e62       0x56 C:\Users\andre\DOCUME~1\GITKRA~1\pro4E\ARDUIN~1\ATMEL_~1\PROJEC~1\PROJEC~1\ARDUIN~1\Debug\libArduinoCore.a(SoftwareSerial.o)
                0x00000e62                _ZN14SoftwareSerialC1Ehhb
                0x00000e62                _ZN14SoftwareSerialC2Ehhb
 .text._ZN14SoftwareSerial5beginEl
                0x00000eb8      0x11c C:\Users\andre\DOCUME~1\GITKRA~1\pro4E\ARDUIN~1\ATMEL_~1\PROJEC~1\PROJEC~1\ARDUIN~1\Debug\libArduinoCore.a(SoftwareSerial.o)
                0x00000eb8                _ZN14SoftwareSerial5beginEl
 .text.__empty  0x00000fd4        0x2 C:\Users\andre\DOCUME~1\GITKRA~1\pro4E\ARDUIN~1\ATMEL_~1\PROJEC~1\PROJEC~1\ARDUIN~1\Debug\libArduinoCore.a(hooks.o)
                0x00000fd4                yield
 .text.turnOffPWM
                0x00000fd6       0x52 C:\Users\andre\DOCUME~1\GITKRA~1\pro4E\ARDUIN~1\ATMEL_~1\PROJEC~1\PROJEC~1\ARDUIN~1\Debug\libArduinoCore.a(wiring_digital.o)
 .text.pinMode  0x00001028       0x78 C:\Users\andre\DOCUME~1\GITKRA~1\pro4E\ARDUIN~1\ATMEL_~1\PROJEC~1\PROJEC~1\ARDUIN~1\Debug\libArduinoCore.a(wiring_digital.o)
                0x00001028                pinMode
 .text.digitalWrite
                0x000010a0       0x5e C:\Users\andre\DOCUME~1\GITKRA~1\pro4E\ARDUIN~1\ATMEL_~1\PROJEC~1\PROJEC~1\ARDUIN~1\Debug\libArduinoCore.a(wiring_digital.o)
                0x000010a0                digitalWrite
 .text.libgcc.div
                0x000010fe       0x28 c:/program files (x86)/atmel/studio/7.0/toolchain/avr8/avr8-gnu-toolchain/bin/../lib/gcc/avr/5.4.0/avr5\libgcc.a(_divmodhi4.o)
                0x000010fe                _div
                0x000010fe                __divmodhi4
 .text.libgcc.div
                0x00001126       0x44 c:/program files (x86)/atmel/studio/7.0/toolchain/avr8/avr8-gnu-toolchain/bin/../lib/gcc/avr/5.4.0/avr5\libgcc.a(_udivmodsi4.o)
                0x00001126                __udivmodsi4
 .text.libgcc.div
                0x0000116a       0x2e c:/program files (x86)/atmel/studio/7.0/toolchain/avr8/avr8-gnu-toolchain/bin/../lib/gcc/avr/5.4.0/avr5\libgcc.a(_divmodsi4.o)
                0x0000116a                __divmodsi4
 .text.libgcc.div
                0x00001198       0x10 c:/program files (x86)/atmel/studio/7.0/toolchain/avr8/avr8-gnu-toolchain/bin/../lib/gcc/avr/5.4.0/avr5\libgcc.a(_negsi2.o)
                0x00001198                __negsi2
 .text.libgcc.div
                0x000011a8       0x28 c:/program files (x86)/atmel/studio/7.0/toolchain/avr8/avr8-gnu-toolchain/bin/../lib/gcc/avr/5.4.0/avr5\libgcc.a(_udivmodhi4.o)
                0x000011a8                __udivmodhi4
 .text.libgcc   0x000011d0        0xc c:/program files (x86)/atmel/studio/7.0/toolchain/avr8/avr8-gnu-toolchain/bin/../lib/gcc/avr/5.4.0/avr5\libgcc.a(_tablejump2.o)
                0x000011d0                __tablejump2__
                0x000011dc                . = ALIGN (0x2)
 *(.fini9)
 .fini9         0x000011dc        0x0 c:/program files (x86)/atmel/studio/7.0/toolchain/avr8/avr8-gnu-toolchain/bin/../lib/gcc/avr/5.4.0/avr5\libgcc.a(_exit.o)
                0x000011dc                _exit
                0x000011dc                exit
 *(.fini9)
 *(.fini8)
 *(.fini8)
 *(.fini7)
 *(.fini7)
 *(.fini6)
 .fini6         0x000011dc       0x16 c:/program files (x86)/atmel/studio/7.0/toolchain/avr8/avr8-gnu-toolchain/bin/../lib/gcc/avr/5.4.0/avr5\libgcc.a(_dtors.o)
                0x000011dc                __do_global_dtors
 *(.fini6)
 *(.fini5)
 *(.fini5)
 *(.fini4)
 *(.fini4)
 *(.fini3)
 *(.fini3)
 *(.fini2)
 *(.fini2)
 *(.fini1)
 *(.fini1)
 *(.fini0)
 .fini0         0x000011f2        0x4 c:/program files (x86)/atmel/studio/7.0/toolchain/avr8/avr8-gnu-toolchain/bin/../lib/gcc/avr/5.4.0/avr5\libgcc.a(_exit.o)
 *(.fini0)
                0x000011f6                _etext = .

.data           0x00800100       0x3e load address 0x000011f6
                0x00800100                PROVIDE (__data_start, .)
 *(.data)
 *(.data*)
 .data.command_ATDISI
                0x00800100        0x8 Sketch.o
                0x00800100                command_ATDISI
 .data.command_AT
                0x00800108        0x2 Sketch.o
                0x00800108                command_AT
 *(.rodata)
 *(.rodata*)
 .rodata._ZTV14HardwareSerial
                0x0080010a       0x12 C:\Users\andre\DOCUME~1\GITKRA~1\pro4E\ARDUIN~1\ATMEL_~1\PROJEC~1\PROJEC~1\ARDUIN~1\Debug\libArduinoCore.a(HardwareSerial.o)
                0x0080010a                _ZTV14HardwareSerial
 .rodata.str1.1
                0x0080011c        0xf C:\Users\andre\DOCUME~1\GITKRA~1\pro4E\ARDUIN~1\ATMEL_~1\PROJEC~1\PROJEC~1\ARDUIN~1\Debug\libArduinoCore.a(Print.o)
 .rodata._ZTV14SoftwareSerial
                0x0080012b       0x12 C:\Users\andre\DOCUME~1\GITKRA~1\pro4E\ARDUIN~1\ATMEL_~1\PROJEC~1\PROJEC~1\ARDUIN~1\Debug\libArduinoCore.a(SoftwareSerial.o)
                0x0080012b                _ZTV14SoftwareSerial
 *(.gnu.linkonce.d*)
                0x0080013e                . = ALIGN (0x2)
 *fill*         0x0080013d        0x1 
                0x0080013e                _edata = .
                0x0080013e                PROVIDE (__data_end, .)

.bss            0x0080013e      0x112
                0x0080013e                PROVIDE (__bss_start, .)
 *(.bss)
 *(.bss*)
 .bss._ZZ13testComparingjE7compare
                0x0080013e        0x2 Sketch.o
 .bss.closest_Beacon
                0x00800140        0x6 Sketch.o
                0x00800140                closest_Beacon
 .bss.firstBeacon
                0x00800146        0x1 Sketch.o
                0x00800146                firstBeacon
 .bss.BTSerial  0x00800147       0x1f Sketch.o
                0x00800147                BTSerial
 .bss.Serial    0x00800166       0x9d C:\Users\andre\DOCUME~1\GITKRA~1\pro4E\ARDUIN~1\ATMEL_~1\PROJEC~1\PROJEC~1\ARDUIN~1\Debug\libArduinoCore.a(HardwareSerial0.o)
                0x00800166                Serial
 .bss.timer0_fract
                0x00800203        0x1 C:\Users\andre\DOCUME~1\GITKRA~1\pro4E\ARDUIN~1\ATMEL_~1\PROJEC~1\PROJEC~1\ARDUIN~1\Debug\libArduinoCore.a(wiring.o)
 .bss.timer0_millis
                0x00800204        0x4 C:\Users\andre\DOCUME~1\GITKRA~1\pro4E\ARDUIN~1\ATMEL_~1\PROJEC~1\PROJEC~1\ARDUIN~1\Debug\libArduinoCore.a(wiring.o)
                0x00800204                timer0_millis
 .bss.timer0_overflow_count
                0x00800208        0x4 C:\Users\andre\DOCUME~1\GITKRA~1\pro4E\ARDUIN~1\ATMEL_~1\PROJEC~1\PROJEC~1\ARDUIN~1\Debug\libArduinoCore.a(wiring.o)
                0x00800208                timer0_overflow_count
 .bss._ZN14SoftwareSerial20_receive_buffer_headE
                0x0080020c        0x1 C:\Users\andre\DOCUME~1\GITKRA~1\pro4E\ARDUIN~1\ATMEL_~1\PROJEC~1\PROJEC~1\ARDUIN~1\Debug\libArduinoCore.a(SoftwareSerial.o)
                0x0080020c                _ZN14SoftwareSerial20_receive_buffer_headE
 .bss._ZN14SoftwareSerial20_receive_buffer_tailE
                0x0080020d        0x1 C:\Users\andre\DOCUME~1\GITKRA~1\pro4E\ARDUIN~1\ATMEL_~1\PROJEC~1\PROJEC~1\ARDUIN~1\Debug\libArduinoCore.a(SoftwareSerial.o)
                0x0080020d                _ZN14SoftwareSerial20_receive_buffer_tailE
 .bss._ZN14SoftwareSerial15_receive_bufferE
                0x0080020e       0x40 C:\Users\andre\DOCUME~1\GITKRA~1\pro4E\ARDUIN~1\ATMEL_~1\PROJEC~1\PROJEC~1\ARDUIN~1\Debug\libArduinoCore.a(SoftwareSerial.o)
                0x0080020e                _ZN14SoftwareSerial15_receive_bufferE
 .bss._ZN14SoftwareSerial13active_objectE
                0x0080024e        0x2 C:\Users\andre\DOCUME~1\GITKRA~1\pro4E\ARDUIN~1\ATMEL_~1\PROJEC~1\PROJEC~1\ARDUIN~1\Debug\libArduinoCore.a(SoftwareSerial.o)
                0x0080024e                _ZN14SoftwareSerial13active_objectE
 *(COMMON)
                0x00800250                PROVIDE (__bss_end, .)
                0x000011f6                __data_load_start = LOADADDR (.data)
                0x00001234                __data_load_end = (__data_load_start + SIZEOF (.data))

.noinit         0x00800250        0x0
                [!provide]                PROVIDE (__noinit_start, .)
 *(.noinit*)
                [!provide]                PROVIDE (__noinit_end, .)
                0x00800250                _end = .
                [!provide]                PROVIDE (__heap_start, .)

.eeprom         0x00810000        0x0
 *(.eeprom*)
                0x00810000                __eeprom_end = .

.fuse
 *(.fuse)
 *(.lfuse)
 *(.hfuse)
 *(.efuse)

.lock
 *(.lock*)

.signature
 *(.signature*)

.user_signatures
 *(.user_signatures*)

.stab
 *(.stab)

.stabstr
 *(.stabstr)

.stab.excl
 *(.stab.excl)

.stab.exclstr
 *(.stab.exclstr)

.stab.index
 *(.stab.index)

.stab.indexstr
 *(.stab.indexstr)

.comment        0x00000000       0x30
 *(.comment)
 .comment       0x00000000       0x30 Sketch.o
                                 0x31 (size before relaxing)
 .comment       0x00000030       0x31 C:\Users\andre\DOCUME~1\GITKRA~1\pro4E\ARDUIN~1\ATMEL_~1\PROJEC~1\PROJEC~1\ARDUIN~1\Debug\libArduinoCore.a(HardwareSerial.o)
 .comment       0x00000030       0x31 C:\Users\andre\DOCUME~1\GITKRA~1\pro4E\ARDUIN~1\ATMEL_~1\PROJEC~1\PROJEC~1\ARDUIN~1\Debug\libArduinoCore.a(HardwareSerial0.o)
 .comment       0x00000030       0x31 C:\Users\andre\DOCUME~1\GITKRA~1\pro4E\ARDUIN~1\ATMEL_~1\PROJEC~1\PROJEC~1\ARDUIN~1\Debug\libArduinoCore.a(main.o)
 .comment       0x00000030       0x31 C:\Users\andre\DOCUME~1\GITKRA~1\pro4E\ARDUIN~1\ATMEL_~1\PROJEC~1\PROJEC~1\ARDUIN~1\Debug\libArduinoCore.a(Print.o)
 .comment       0x00000030       0x31 C:\Users\andre\DOCUME~1\GITKRA~1\pro4E\ARDUIN~1\ATMEL_~1\PROJEC~1\PROJEC~1\ARDUIN~1\Debug\libArduinoCore.a(wiring.o)
 .comment       0x00000030       0x31 C:\Users\andre\DOCUME~1\GITKRA~1\pro4E\ARDUIN~1\ATMEL_~1\PROJEC~1\PROJEC~1\ARDUIN~1\Debug\libArduinoCore.a(SoftwareSerial.o)
 .comment       0x00000030       0x31 C:\Users\andre\DOCUME~1\GITKRA~1\pro4E\ARDUIN~1\ATMEL_~1\PROJEC~1\PROJEC~1\ARDUIN~1\Debug\libArduinoCore.a(hooks.o)
 .comment       0x00000030       0x31 C:\Users\andre\DOCUME~1\GITKRA~1\pro4E\ARDUIN~1\ATMEL_~1\PROJEC~1\PROJEC~1\ARDUIN~1\Debug\libArduinoCore.a(wiring_digital.o)

.note.gnu.avr.deviceinfo
                0x00000000       0x40
 .note.gnu.avr.deviceinfo
                0x00000000       0x40 C:/Program Files (x86)/Atmel/Studio/7.0/Packs/atmel/ATmega_DFP/1.2.132/gcc/dev/atmega328p/avr5/crtatmega328p.o

.note.gnu.build-id
 *(.note.gnu.build-id)

.debug
 *(.debug)

.line
 *(.line)

.debug_srcinfo
 *(.debug_srcinfo)

.debug_sfnames
 *(.debug_sfnames)

.debug_aranges  0x00000000      0x3e0
 *(.debug_aranges)
 .debug_aranges
                0x00000000       0xb8 Sketch.o
 .debug_aranges
                0x000000b8       0x68 C:\Users\andre\DOCUME~1\GITKRA~1\pro4E\ARDUIN~1\ATMEL_~1\PROJEC~1\PROJEC~1\ARDUIN~1\Debug\libArduinoCore.a(HardwareSerial.o)
 .debug_aranges
                0x00000120       0x48 C:\Users\andre\DOCUME~1\GITKRA~1\pro4E\ARDUIN~1\ATMEL_~1\PROJEC~1\PROJEC~1\ARDUIN~1\Debug\libArduinoCore.a(HardwareSerial0.o)
 .debug_aranges
                0x00000168       0x30 C:\Users\andre\DOCUME~1\GITKRA~1\pro4E\ARDUIN~1\ATMEL_~1\PROJEC~1\PROJEC~1\ARDUIN~1\Debug\libArduinoCore.a(main.o)
 .debug_aranges
                0x00000198      0x100 C:\Users\andre\DOCUME~1\GITKRA~1\pro4E\ARDUIN~1\ATMEL_~1\PROJEC~1\PROJEC~1\ARDUIN~1\Debug\libArduinoCore.a(Print.o)
 .debug_aranges
                0x00000298       0x48 C:\Users\andre\DOCUME~1\GITKRA~1\pro4E\ARDUIN~1\ATMEL_~1\PROJEC~1\PROJEC~1\ARDUIN~1\Debug\libArduinoCore.a(wiring.o)
 .debug_aranges
                0x000002e0       0xa8 C:\Users\andre\DOCUME~1\GITKRA~1\pro4E\ARDUIN~1\ATMEL_~1\PROJEC~1\PROJEC~1\ARDUIN~1\Debug\libArduinoCore.a(SoftwareSerial.o)
 .debug_aranges
                0x00000388       0x20 C:\Users\andre\DOCUME~1\GITKRA~1\pro4E\ARDUIN~1\ATMEL_~1\PROJEC~1\PROJEC~1\ARDUIN~1\Debug\libArduinoCore.a(hooks.o)
 .debug_aranges
                0x000003a8       0x38 C:\Users\andre\DOCUME~1\GITKRA~1\pro4E\ARDUIN~1\ATMEL_~1\PROJEC~1\PROJEC~1\ARDUIN~1\Debug\libArduinoCore.a(wiring_digital.o)

.debug_pubnames
 *(.debug_pubnames)

.debug_info     0x00000000     0xaa03
 *(.debug_info .gnu.linkonce.wi.*)
 .debug_info    0x00000000      0x5f4 C:/Program Files (x86)/Atmel/Studio/7.0/Packs/atmel/ATmega_DFP/1.2.132/gcc/dev/atmega328p/avr5/crtatmega328p.o
 .debug_info    0x000005f4      0xd41 Sketch.o
 .debug_info    0x00001335     0x1e89 C:\Users\andre\DOCUME~1\GITKRA~1\pro4E\ARDUIN~1\ATMEL_~1\PROJEC~1\PROJEC~1\ARDUIN~1\Debug\libArduinoCore.a(HardwareSerial.o)
 .debug_info    0x000031be     0x1b16 C:\Users\andre\DOCUME~1\GITKRA~1\pro4E\ARDUIN~1\ATMEL_~1\PROJEC~1\PROJEC~1\ARDUIN~1\Debug\libArduinoCore.a(HardwareSerial0.o)
 .debug_info    0x00004cd4      0x237 C:\Users\andre\DOCUME~1\GITKRA~1\pro4E\ARDUIN~1\ATMEL_~1\PROJEC~1\PROJEC~1\ARDUIN~1\Debug\libArduinoCore.a(main.o)
 .debug_info    0x00004f0b     0x28ff C:\Users\andre\DOCUME~1\GITKRA~1\pro4E\ARDUIN~1\ATMEL_~1\PROJEC~1\PROJEC~1\ARDUIN~1\Debug\libArduinoCore.a(Print.o)
 .debug_info    0x0000780a      0x2cb C:\Users\andre\DOCUME~1\GITKRA~1\pro4E\ARDUIN~1\ATMEL_~1\PROJEC~1\PROJEC~1\ARDUIN~1\Debug\libArduinoCore.a(wiring.o)
 .debug_info    0x00007ad5     0x28f2 C:\Users\andre\DOCUME~1\GITKRA~1\pro4E\ARDUIN~1\ATMEL_~1\PROJEC~1\PROJEC~1\ARDUIN~1\Debug\libArduinoCore.a(SoftwareSerial.o)
 .debug_info    0x0000a3c7       0x3e C:\Users\andre\DOCUME~1\GITKRA~1\pro4E\ARDUIN~1\ATMEL_~1\PROJEC~1\PROJEC~1\ARDUIN~1\Debug\libArduinoCore.a(hooks.o)
 .debug_info    0x0000a405      0x5fe C:\Users\andre\DOCUME~1\GITKRA~1\pro4E\ARDUIN~1\ATMEL_~1\PROJEC~1\PROJEC~1\ARDUIN~1\Debug\libArduinoCore.a(wiring_digital.o)

.debug_abbrev   0x00000000     0x20a4
 *(.debug_abbrev)
 .debug_abbrev  0x00000000      0x5a2 C:/Program Files (x86)/Atmel/Studio/7.0/Packs/atmel/ATmega_DFP/1.2.132/gcc/dev/atmega328p/avr5/crtatmega328p.o
 .debug_abbrev  0x000005a2      0x485 Sketch.o
 .debug_abbrev  0x00000a27      0x432 C:\Users\andre\DOCUME~1\GITKRA~1\pro4E\ARDUIN~1\ATMEL_~1\PROJEC~1\PROJEC~1\ARDUIN~1\Debug\libArduinoCore.a(HardwareSerial.o)
 .debug_abbrev  0x00000e59      0x3ce C:\Users\andre\DOCUME~1\GITKRA~1\pro4E\ARDUIN~1\ATMEL_~1\PROJEC~1\PROJEC~1\ARDUIN~1\Debug\libArduinoCore.a(HardwareSerial0.o)
 .debug_abbrev  0x00001227      0x12d C:\Users\andre\DOCUME~1\GITKRA~1\pro4E\ARDUIN~1\ATMEL_~1\PROJEC~1\PROJEC~1\ARDUIN~1\Debug\libArduinoCore.a(main.o)
 .debug_abbrev  0x00001354      0x47a C:\Users\andre\DOCUME~1\GITKRA~1\pro4E\ARDUIN~1\ATMEL_~1\PROJEC~1\PROJEC~1\ARDUIN~1\Debug\libArduinoCore.a(Print.o)
 .debug_abbrev  0x000017ce      0x146 C:\Users\andre\DOCUME~1\GITKRA~1\pro4E\ARDUIN~1\ATMEL_~1\PROJEC~1\PROJEC~1\ARDUIN~1\Debug\libArduinoCore.a(wiring.o)
 .debug_abbrev  0x00001914      0x60b C:\Users\andre\DOCUME~1\GITKRA~1\pro4E\ARDUIN~1\ATMEL_~1\PROJEC~1\PROJEC~1\ARDUIN~1\Debug\libArduinoCore.a(SoftwareSerial.o)
 .debug_abbrev  0x00001f1f       0x2a C:\Users\andre\DOCUME~1\GITKRA~1\pro4E\ARDUIN~1\ATMEL_~1\PROJEC~1\PROJEC~1\ARDUIN~1\Debug\libArduinoCore.a(hooks.o)
 .debug_abbrev  0x00001f49      0x15b C:\Users\andre\DOCUME~1\GITKRA~1\pro4E\ARDUIN~1\ATMEL_~1\PROJEC~1\PROJEC~1\ARDUIN~1\Debug\libArduinoCore.a(wiring_digital.o)

.debug_line     0x00000000     0x2270
 *(.debug_line .debug_line.* .debug_line_end)
 .debug_line    0x00000000      0x133 C:/Program Files (x86)/Atmel/Studio/7.0/Packs/atmel/ATmega_DFP/1.2.132/gcc/dev/atmega328p/avr5/crtatmega328p.o
 .debug_line    0x00000133      0x5a4 Sketch.o
 .debug_line    0x000006d7      0x426 C:\Users\andre\DOCUME~1\GITKRA~1\pro4E\ARDUIN~1\ATMEL_~1\PROJEC~1\PROJEC~1\ARDUIN~1\Debug\libArduinoCore.a(HardwareSerial.o)
 .debug_line    0x00000afd      0x28c C:\Users\andre\DOCUME~1\GITKRA~1\pro4E\ARDUIN~1\ATMEL_~1\PROJEC~1\PROJEC~1\ARDUIN~1\Debug\libArduinoCore.a(HardwareSerial0.o)
 .debug_line    0x00000d89      0x165 C:\Users\andre\DOCUME~1\GITKRA~1\pro4E\ARDUIN~1\ATMEL_~1\PROJEC~1\PROJEC~1\ARDUIN~1\Debug\libArduinoCore.a(main.o)
 .debug_line    0x00000eee      0x685 C:\Users\andre\DOCUME~1\GITKRA~1\pro4E\ARDUIN~1\ATMEL_~1\PROJEC~1\PROJEC~1\ARDUIN~1\Debug\libArduinoCore.a(Print.o)
 .debug_line    0x00001573      0x299 C:\Users\andre\DOCUME~1\GITKRA~1\pro4E\ARDUIN~1\ATMEL_~1\PROJEC~1\PROJEC~1\ARDUIN~1\Debug\libArduinoCore.a(wiring.o)
 .debug_line    0x0000180c      0x7d1 C:\Users\andre\DOCUME~1\GITKRA~1\pro4E\ARDUIN~1\ATMEL_~1\PROJEC~1\PROJEC~1\ARDUIN~1\Debug\libArduinoCore.a(SoftwareSerial.o)
 .debug_line    0x00001fdd       0x41 C:\Users\andre\DOCUME~1\GITKRA~1\pro4E\ARDUIN~1\ATMEL_~1\PROJEC~1\PROJEC~1\ARDUIN~1\Debug\libArduinoCore.a(hooks.o)
 .debug_line    0x0000201e      0x252 C:\Users\andre\DOCUME~1\GITKRA~1\pro4E\ARDUIN~1\ATMEL_~1\PROJEC~1\PROJEC~1\ARDUIN~1\Debug\libArduinoCore.a(wiring_digital.o)

.debug_frame    0x00000000      0xb1c
 *(.debug_frame)
 .debug_frame   0x00000000      0x1f4 Sketch.o
 .debug_frame   0x000001f4      0x110 C:\Users\andre\DOCUME~1\GITKRA~1\pro4E\ARDUIN~1\ATMEL_~1\PROJEC~1\PROJEC~1\ARDUIN~1\Debug\libArduinoCore.a(HardwareSerial.o)
 .debug_frame   0x00000304       0xe0 C:\Users\andre\DOCUME~1\GITKRA~1\pro4E\ARDUIN~1\ATMEL_~1\PROJEC~1\PROJEC~1\ARDUIN~1\Debug\libArduinoCore.a(HardwareSerial0.o)
 .debug_frame   0x000003e4       0x54 C:\Users\andre\DOCUME~1\GITKRA~1\pro4E\ARDUIN~1\ATMEL_~1\PROJEC~1\PROJEC~1\ARDUIN~1\Debug\libArduinoCore.a(main.o)
 .debug_frame   0x00000438      0x3ac C:\Users\andre\DOCUME~1\GITKRA~1\pro4E\ARDUIN~1\ATMEL_~1\PROJEC~1\PROJEC~1\ARDUIN~1\Debug\libArduinoCore.a(Print.o)
 .debug_frame   0x000007e4       0xc4 C:\Users\andre\DOCUME~1\GITKRA~1\pro4E\ARDUIN~1\ATMEL_~1\PROJEC~1\PROJEC~1\ARDUIN~1\Debug\libArduinoCore.a(wiring.o)
 .debug_frame   0x000008a8      0x1d4 C:\Users\andre\DOCUME~1\GITKRA~1\pro4E\ARDUIN~1\ATMEL_~1\PROJEC~1\PROJEC~1\ARDUIN~1\Debug\libArduinoCore.a(SoftwareSerial.o)
 .debug_frame   0x00000a7c       0x24 C:\Users\andre\DOCUME~1\GITKRA~1\pro4E\ARDUIN~1\ATMEL_~1\PROJEC~1\PROJEC~1\ARDUIN~1\Debug\libArduinoCore.a(hooks.o)
 .debug_frame   0x00000aa0       0x7c C:\Users\andre\DOCUME~1\GITKRA~1\pro4E\ARDUIN~1\ATMEL_~1\PROJEC~1\PROJEC~1\ARDUIN~1\Debug\libArduinoCore.a(wiring_digital.o)

.debug_str      0x00000000     0x2807
 *(.debug_str)
 .debug_str     0x00000000      0x208 C:/Program Files (x86)/Atmel/Studio/7.0/Packs/atmel/ATmega_DFP/1.2.132/gcc/dev/atmega328p/avr5/crtatmega328p.o
 .debug_str     0x00000208      0x6f2 Sketch.o
                                0x789 (size before relaxing)
 .debug_str     0x000008fa     0x130a C:\Users\andre\DOCUME~1\GITKRA~1\pro4E\ARDUIN~1\ATMEL_~1\PROJEC~1\PROJEC~1\ARDUIN~1\Debug\libArduinoCore.a(HardwareSerial.o)
                               0x15f9 (size before relaxing)
 .debug_str     0x00001c04       0x86 C:\Users\andre\DOCUME~1\GITKRA~1\pro4E\ARDUIN~1\ATMEL_~1\PROJEC~1\PROJEC~1\ARDUIN~1\Debug\libArduinoCore.a(HardwareSerial0.o)
                               0x1415 (size before relaxing)
 .debug_str     0x00001c8a       0x37 C:\Users\andre\DOCUME~1\GITKRA~1\pro4E\ARDUIN~1\ATMEL_~1\PROJEC~1\PROJEC~1\ARDUIN~1\Debug\libArduinoCore.a(main.o)
                                0x2c1 (size before relaxing)
 .debug_str     0x00001cc1      0x391 C:\Users\andre\DOCUME~1\GITKRA~1\pro4E\ARDUIN~1\ATMEL_~1\PROJEC~1\PROJEC~1\ARDUIN~1\Debug\libArduinoCore.a(Print.o)
                               0x124f (size before relaxing)
 .debug_str     0x00002052      0x15c C:\Users\andre\DOCUME~1\GITKRA~1\pro4E\ARDUIN~1\ATMEL_~1\PROJEC~1\PROJEC~1\ARDUIN~1\Debug\libArduinoCore.a(wiring.o)
                                0x257 (size before relaxing)
 .debug_str     0x000021ae      0x5d4 C:\Users\andre\DOCUME~1\GITKRA~1\pro4E\ARDUIN~1\ATMEL_~1\PROJEC~1\PROJEC~1\ARDUIN~1\Debug\libArduinoCore.a(SoftwareSerial.o)
                               0x1938 (size before relaxing)
 .debug_str     0x00002782       0x1c C:\Users\andre\DOCUME~1\GITKRA~1\pro4E\ARDUIN~1\ATMEL_~1\PROJEC~1\PROJEC~1\ARDUIN~1\Debug\libArduinoCore.a(hooks.o)
                                0x14c (size before relaxing)
 .debug_str     0x0000279e       0x69 C:\Users\andre\DOCUME~1\GITKRA~1\pro4E\ARDUIN~1\ATMEL_~1\PROJEC~1\PROJEC~1\ARDUIN~1\Debug\libArduinoCore.a(wiring_digital.o)
                                0x2bc (size before relaxing)

.debug_loc      0x00000000     0x3d94
 *(.debug_loc)
 .debug_loc     0x00000000      0x5bc Sketch.o
 .debug_loc     0x000005bc      0x482 C:\Users\andre\DOCUME~1\GITKRA~1\pro4E\ARDUIN~1\ATMEL_~1\PROJEC~1\PROJEC~1\ARDUIN~1\Debug\libArduinoCore.a(HardwareSerial.o)
 .debug_loc     0x00000a3e      0x1b0 C:\Users\andre\DOCUME~1\GITKRA~1\pro4E\ARDUIN~1\ATMEL_~1\PROJEC~1\PROJEC~1\ARDUIN~1\Debug\libArduinoCore.a(HardwareSerial0.o)
 .debug_loc     0x00000bee     0x1c87 C:\Users\andre\DOCUME~1\GITKRA~1\pro4E\ARDUIN~1\ATMEL_~1\PROJEC~1\PROJEC~1\ARDUIN~1\Debug\libArduinoCore.a(Print.o)
 .debug_loc     0x00002875      0x28d C:\Users\andre\DOCUME~1\GITKRA~1\pro4E\ARDUIN~1\ATMEL_~1\PROJEC~1\PROJEC~1\ARDUIN~1\Debug\libArduinoCore.a(wiring.o)
 .debug_loc     0x00002b02      0xc96 C:\Users\andre\DOCUME~1\GITKRA~1\pro4E\ARDUIN~1\ATMEL_~1\PROJEC~1\PROJEC~1\ARDUIN~1\Debug\libArduinoCore.a(SoftwareSerial.o)
 .debug_loc     0x00003798      0x5fc C:\Users\andre\DOCUME~1\GITKRA~1\pro4E\ARDUIN~1\ATMEL_~1\PROJEC~1\PROJEC~1\ARDUIN~1\Debug\libArduinoCore.a(wiring_digital.o)

.debug_macinfo
 *(.debug_macinfo)

.debug_weaknames
 *(.debug_weaknames)

.debug_funcnames
 *(.debug_funcnames)

.debug_typenames
 *(.debug_typenames)

.debug_varnames
 *(.debug_varnames)

.debug_pubtypes
 *(.debug_pubtypes)

.debug_ranges   0x00000000      0x3f8
 *(.debug_ranges)
 .debug_ranges  0x00000000       0xd8 Sketch.o
 .debug_ranges  0x000000d8       0x58 C:\Users\andre\DOCUME~1\GITKRA~1\pro4E\ARDUIN~1\ATMEL_~1\PROJEC~1\PROJEC~1\ARDUIN~1\Debug\libArduinoCore.a(HardwareSerial.o)
 .debug_ranges  0x00000130       0x38 C:\Users\andre\DOCUME~1\GITKRA~1\pro4E\ARDUIN~1\ATMEL_~1\PROJEC~1\PROJEC~1\ARDUIN~1\Debug\libArduinoCore.a(HardwareSerial0.o)
 .debug_ranges  0x00000168       0x20 C:\Users\andre\DOCUME~1\GITKRA~1\pro4E\ARDUIN~1\ATMEL_~1\PROJEC~1\PROJEC~1\ARDUIN~1\Debug\libArduinoCore.a(main.o)
 .debug_ranges  0x00000188      0x120 C:\Users\andre\DOCUME~1\GITKRA~1\pro4E\ARDUIN~1\ATMEL_~1\PROJEC~1\PROJEC~1\ARDUIN~1\Debug\libArduinoCore.a(Print.o)
 .debug_ranges  0x000002a8       0x38 C:\Users\andre\DOCUME~1\GITKRA~1\pro4E\ARDUIN~1\ATMEL_~1\PROJEC~1\PROJEC~1\ARDUIN~1\Debug\libArduinoCore.a(wiring.o)
 .debug_ranges  0x000002e0       0xe0 C:\Users\andre\DOCUME~1\GITKRA~1\pro4E\ARDUIN~1\ATMEL_~1\PROJEC~1\PROJEC~1\ARDUIN~1\Debug\libArduinoCore.a(SoftwareSerial.o)
 .debug_ranges  0x000003c0       0x10 C:\Users\andre\DOCUME~1\GITKRA~1\pro4E\ARDUIN~1\ATMEL_~1\PROJEC~1\PROJEC~1\ARDUIN~1\Debug\libArduinoCore.a(hooks.o)
 .debug_ranges  0x000003d0       0x28 C:\Users\andre\DOCUME~1\GITKRA~1\pro4E\ARDUIN~1\ATMEL_~1\PROJEC~1\PROJEC~1\ARDUIN~1\Debug\libArduinoCore.a(wiring_digital.o)

.debug_macro
 *(.debug_macro)
OUTPUT(beaconProject.elf elf32-avr)
LOAD linker stubs
