Archive member included to satisfy reference by file (symbol)

C:\Users\andre\Documents\GitKraken\pro4E\arduino_pro4\dojo_project\dojo_project\ArduinoCore\Debug\libArduinoCore.a(HardwareSerial0.o)
                              src/Dojo_Functions.o (Serial)
C:\Users\andre\Documents\GitKraken\pro4E\arduino_pro4\dojo_project\dojo_project\ArduinoCore\Debug\libArduinoCore.a(main.o)
                              C:/Program Files (x86)/Atmel/Studio/7.0/Packs/atmel/ATmega_DFP/1.2.132/gcc/dev/atmega328p/avr5/crtatmega328p.o (main)
C:\Users\andre\Documents\GitKraken\pro4E\arduino_pro4\dojo_project\dojo_project\ArduinoCore\Debug\libArduinoCore.a(Print.o)
                              src/libraries/SoftwareSerial/src/SoftwareSerial.o (_ZN5Print5writeEPKhj)
C:\Users\andre\Documents\GitKraken\pro4E\arduino_pro4\dojo_project\dojo_project\ArduinoCore\Debug\libArduinoCore.a(wiring.o)
                              C:\Users\andre\Documents\GitKraken\pro4E\arduino_pro4\dojo_project\dojo_project\ArduinoCore\Debug\libArduinoCore.a(main.o) (init)
C:\Users\andre\Documents\GitKraken\pro4E\arduino_pro4\dojo_project\dojo_project\ArduinoCore\Debug\libArduinoCore.a(wiring_digital.o)
                              src/Dojo_Functions.o (pinMode)
C:\Users\andre\Documents\GitKraken\pro4E\arduino_pro4\dojo_project\dojo_project\ArduinoCore\Debug\libArduinoCore.a(abi.o)
                              C:\Users\andre\Documents\GitKraken\pro4E\arduino_pro4\dojo_project\dojo_project\ArduinoCore\Debug\libArduinoCore.a(Print.o) (__cxa_pure_virtual)
C:\Users\andre\Documents\GitKraken\pro4E\arduino_pro4\dojo_project\dojo_project\ArduinoCore\Debug\libArduinoCore.a(HardwareSerial.o)
                              C:\Users\andre\Documents\GitKraken\pro4E\arduino_pro4\dojo_project\dojo_project\ArduinoCore\Debug\libArduinoCore.a(HardwareSerial0.o) (_ZN14HardwareSerial9availableEv)
C:\Users\andre\Documents\GitKraken\pro4E\arduino_pro4\dojo_project\dojo_project\ArduinoCore\Debug\libArduinoCore.a(hooks.o)
                              C:\Users\andre\Documents\GitKraken\pro4E\arduino_pro4\dojo_project\dojo_project\ArduinoCore\Debug\libArduinoCore.a(wiring.o) (yield)
c:/program files (x86)/atmel/studio/7.0/toolchain/avr8/avr8-gnu-toolchain/bin/../lib/gcc/avr/5.4.0/../../../../avr/lib/avr5\libm.a(addsf3.o)
                              C:\Users\andre\Documents\GitKraken\pro4E\arduino_pro4\dojo_project\dojo_project\ArduinoCore\Debug\libArduinoCore.a(Print.o) (__subsf3)
c:/program files (x86)/atmel/studio/7.0/toolchain/avr8/avr8-gnu-toolchain/bin/../lib/gcc/avr/5.4.0/../../../../avr/lib/avr5\libm.a(addsf3x.o)
                              c:/program files (x86)/atmel/studio/7.0/toolchain/avr8/avr8-gnu-toolchain/bin/../lib/gcc/avr/5.4.0/../../../../avr/lib/avr5\libm.a(addsf3.o) (__addsf3x)
c:/program files (x86)/atmel/studio/7.0/toolchain/avr8/avr8-gnu-toolchain/bin/../lib/gcc/avr/5.4.0/../../../../avr/lib/avr5\libm.a(cmpsf2.o)
                              C:\Users\andre\Documents\GitKraken\pro4E\arduino_pro4\dojo_project\dojo_project\ArduinoCore\Debug\libArduinoCore.a(Print.o) (__ltsf2)
c:/program files (x86)/atmel/studio/7.0/toolchain/avr8/avr8-gnu-toolchain/bin/../lib/gcc/avr/5.4.0/../../../../avr/lib/avr5\libm.a(divsf3.o)
                              C:\Users\andre\Documents\GitKraken\pro4E\arduino_pro4\dojo_project\dojo_project\ArduinoCore\Debug\libArduinoCore.a(Print.o) (__divsf3)
c:/program files (x86)/atmel/studio/7.0/toolchain/avr8/avr8-gnu-toolchain/bin/../lib/gcc/avr/5.4.0/../../../../avr/lib/avr5\libm.a(divsf3x.o)
                              c:/program files (x86)/atmel/studio/7.0/toolchain/avr8/avr8-gnu-toolchain/bin/../lib/gcc/avr/5.4.0/../../../../avr/lib/avr5\libm.a(divsf3.o) (__divsf3x)
c:/program files (x86)/atmel/studio/7.0/toolchain/avr8/avr8-gnu-toolchain/bin/../lib/gcc/avr/5.4.0/../../../../avr/lib/avr5\libm.a(fixunssfsi.o)
                              C:\Users\andre\Documents\GitKraken\pro4E\arduino_pro4\dojo_project\dojo_project\ArduinoCore\Debug\libArduinoCore.a(Print.o) (__fixunssfsi)
c:/program files (x86)/atmel/studio/7.0/toolchain/avr8/avr8-gnu-toolchain/bin/../lib/gcc/avr/5.4.0/../../../../avr/lib/avr5\libm.a(floatsisf.o)
                              C:\Users\andre\Documents\GitKraken\pro4E\arduino_pro4\dojo_project\dojo_project\ArduinoCore\Debug\libArduinoCore.a(Print.o) (__floatunsisf)
c:/program files (x86)/atmel/studio/7.0/toolchain/avr8/avr8-gnu-toolchain/bin/../lib/gcc/avr/5.4.0/../../../../avr/lib/avr5\libm.a(fp_cmp.o)
                              c:/program files (x86)/atmel/studio/7.0/toolchain/avr8/avr8-gnu-toolchain/bin/../lib/gcc/avr/5.4.0/../../../../avr/lib/avr5\libm.a(cmpsf2.o) (__fp_cmp)
c:/program files (x86)/atmel/studio/7.0/toolchain/avr8/avr8-gnu-toolchain/bin/../lib/gcc/avr/5.4.0/../../../../avr/lib/avr5\libm.a(fp_inf.o)
[...]
Memory Configuration

Name             Origin             Length             Attributes
text             0x00000000         0x00020000         xr
data             0x00800060         0x0000ffa0         rw !x
eeprom           0x00810000         0x00010000         rw !x
fuse             0x00820000         0x00000003         rw !x
lock             0x00830000         0x00000400         rw !x
signature        0x00840000         0x00000400         rw !x
user_signatures  0x00850000         0x00000400         rw !x
*default*        0x00000000         0xffffffff

Linker script and memory map

Address of section .data set to 0x800100
LOAD C:/Program Files (x86)/Atmel/Studio/7.0/Packs/atmel/ATmega_DFP/1.2.132/gcc/dev/atmega328p/avr5/crtatmega328p.o
LOAD Sketch.o
LOAD src/Dojo_Functions.o
LOAD src/libraries/SoftwareSerial/src/SoftwareSerial.o
START GROUP
LOAD c:/program files (x86)/atmel/studio/7.0/toolchain/avr8/avr8-gnu-toolchain/bin/../lib/gcc/avr/5.4.0/../../../../avr/lib/avr5\libm.a
LOAD C:\Users\andre\Documents\GitKraken\pro4E\arduino_pro4\dojo_project\dojo_project\ArduinoCore\Debug\libArduinoCore.a
END GROUP
LOAD c:/program files (x86)/atmel/studio/7.0/toolchain/avr8/avr8-gnu-toolchain/bin/../lib/gcc/avr/5.4.0/avr5\libgcc.a
LOAD c:/program files (x86)/atmel/studio/7.0/toolchain/avr8/avr8-gnu-toolchain/bin/../lib/gcc/avr/5.4.0/../../../../avr/lib/avr5\libm.a
START GROUP
LOAD c:/program files (x86)/atmel/studio/7.0/toolchain/avr8/avr8-gnu-toolchain/bin/../lib/gcc/avr/5.4.0/avr5\libgcc.a
LOAD c:/program files (x86)/atmel/studio/7.0/toolchain/avr8/avr8-gnu-toolchain/bin/../lib/gcc/avr/5.4.0/../../../../avr/lib/avr5\libm.a
LOAD c:/program files (x86)/atmel/studio/7.0/toolchain/avr8/avr8-gnu-toolchain/bin/../lib/gcc/avr/5.4.0/../../../../avr/lib/avr5\libc.a
LOAD C:/Program Files (x86)/Atmel/Studio/7.0/Packs/atmel/ATmega_DFP/1.2.132/gcc/dev/atmega328p/avr5\libatmega328p.a
END GROUP
                0x00020000                __TEXT_REGION_LENGTH__ = DEFINED (__TEXT_REGION_LENGTH__)?__TEXT_REGION_LENGTH__:0x20000
                0x0000ffa0                __DATA_REGION_LENGTH__ = DEFINED (__DATA_REGION_LENGTH__)?__DATA_REGION_LENGTH__:0xffa0
                0x00010000                __EEPROM_REGION_LENGTH__ = DEFINED (__EEPROM_REGION_LENGTH__)?__EEPROM_REGION_LENGTH__:0x10000
                [0x00000003]                __FUSE_REGION_LENGTH__ = DEFINED (__FUSE_REGION_LENGTH__)?__FUSE_REGION_LENGTH__:0x400
                0x00000400                __LOCK_REGION_LENGTH__ = DEFINED (__LOCK_REGION_LENGTH__)?__LOCK_REGION_LENGTH__:0x400
                0x00000400                __SIGNATURE_REGION_LENGTH__ = DEFINED (__SIGNATURE_REGION_LENGTH__)?__SIGNATURE_REGION_LENGTH__:0x400
                0x00000400                __USER_SIGNATURE_REGION_LENGTH__ = DEFINED (__USER_SIGNATURE_REGION_LENGTH__)?__USER_SIGNATURE_REGION_LENGTH__:0x400

.hash
 *(.hash)

.dynsym
 *(.dynsym)

.dynstr
 *(.dynstr)

.gnu.version
 *(.gnu.version)

.gnu.version_d
 *(.gnu.version_d)

.gnu.version_r
 *(.gnu.version_r)

.rel.init
 *(.rel.init)

.rela.init
 *(.rela.init)

.rel.text
 *(.rel.text)
 *(.rel.text.*)
 *(.rel.gnu.linkonce.t*)

.rela.text
 *(.rela.text)
 *(.rela.text.*)
 *(.rela.gnu.linkonce.t*)

.rel.fini
 *(.rel.fini)

.rela.fini
 *(.rela.fini)

.rel.rodata
 *(.rel.rodata)
 *(.rel.rodata.*)
 *(.rel.gnu.linkonce.r*)

.rela.rodata
 *(.rela.rodata)
 *(.rela.rodata.*)
 *(.rela.gnu.linkonce.r*)

.rel.data
 *(.rel.data)
 *(.rel.data.*)
 *(.rel.gnu.linkonce.d*)

.rela.data
 *(.rela.data)
 *(.rela.data.*)
 *(.rela.gnu.linkonce.d*)

.rel.ctors
 *(.rel.ctors)

.rela.ctors
 *(.rela.ctors)

.rel.dtors
 *(.rel.dtors)

.rela.dtors
 *(.rela.dtors)

.rel.got
 *(.rel.got)

.rela.got
 *(.rela.got)

.rel.bss
 *(.rel.bss)

.rela.bss
 *(.rela.bss)

.rel.plt
 *(.rel.plt)

.rela.plt
 *(.rela.plt)

.text           0x00000000     0x1144
 *(.vectors)
 .vectors       0x00000000       0x68 C:/Program Files (x86)/Atmel/Studio/7.0/Packs/atmel/ATmega_DFP/1.2.132/gcc/dev/atmega328p/avr5/crtatmega328p.o
                0x00000000                __vector_default
                0x00000000                __vectors
 *(.vectors)
 *(.progmem.gcc*)
                0x00000068                . = ALIGN (0x2)
                0x00000068                __trampolines_start = .
 *(.trampolines)
 .trampolines   0x00000068        0x0 linker stubs
 *(.trampolines*)
                0x00000068                __trampolines_end = .
 *libprintf_flt.a:*(.progmem.data)
 *libc.a:*(.progmem.data)
 *(.progmem*)
 .progmem.data.digital_pin_to_timer_PGM
                0x00000068       0x14 C:\Users\andre\Documents\GitKraken\pro4E\arduino_pro4\dojo_project\dojo_project\ArduinoCore\Debug\libArduinoCore.a(wiring_digital.o)
                0x00000068                digital_pin_to_timer_PGM
 .progmem.data.digital_pin_to_bit_mask_PGM
                0x0000007c       0x14 C:\Users\andre\Documents\GitKraken\pro4E\arduino_pro4\dojo_project\dojo_project\ArduinoCore\Debug\libArduinoCore.a(wiring_digital.o)
                0x0000007c                digital_pin_to_bit_mask_PGM
 .progmem.data.digital_pin_to_port_PGM
                0x00000090       0x14 C:\Users\andre\Documents\GitKraken\pro4E\arduino_pro4\dojo_project\dojo_project\ArduinoCore\Debug\libArduinoCore.a(wiring_digital.o)
                0x00000090                digital_pin_to_port_PGM
 .progmem.data.port_to_input_PGM
                0x000000a4        0xa C:\Users\andre\Documents\GitKraken\pro4E\arduino_pro4\dojo_project\dojo_project\ArduinoCore\Debug\libArduinoCore.a(wiring_digital.o)
                0x000000a4                port_to_input_PGM
 .progmem.data.port_to_output_PGM
                0x000000ae        0xa C:\Users\andre\Documents\GitKraken\pro4E\arduino_pro4\dojo_project\dojo_project\ArduinoCore\Debug\libArduinoCore.a(wiring_digital.o)
                0x000000ae                port_to_output_PGM
 .progmem.data.port_to_mode_PGM
                0x000000b8        0xa C:\Users\andre\Documents\GitKraken\pro4E\arduino_pro4\dojo_project\dojo_project\ArduinoCore\Debug\libArduinoCore.a(wiring_digital.o)
                0x000000b8                port_to_mode_PGM
                0x000000c2                . = ALIGN (0x2)
 *(.jumptables)
 *(.jumptables*)
 *(.lowtext)
 *(.lowtext*)
                0x000000c2                __ctors_start = .
 *(.ctors)
 .ctors         0x000000c2        0x2 Sketch.o
 .ctors         0x000000c4        0x2 C:\Users\andre\Documents\GitKraken\pro4E\arduino_pro4\dojo_project\dojo_project\ArduinoCore\Debug\libArduinoCore.a(HardwareSerial0.o)
                0x000000c6                __ctors_end = .
                0x000000c6                __dtors_start = .
 *(.dtors)
 .dtors         0x000000c6        0x2 Sketch.o
                0x000000c8                __dtors_end = .
 SORT(*)(.ctors)
 SORT(*)(.dtors)
 *(.init0)
 .init0         0x000000c8        0x0 C:/Program Files (x86)/Atmel/Studio/7.0/Packs/atmel/ATmega_DFP/1.2.132/gcc/dev/atmega328p/avr5/crtatmega328p.o
                0x000000c8                __init
 *(.init0)
 *(.init1)
 *(.init1)
 *(.init2)
 .init2         0x000000c8        0xc C:/Program Files (x86)/Atmel/Studio/7.0/Packs/atmel/ATmega_DFP/1.2.132/gcc/dev/atmega328p/avr5/crtatmega328p.o
 *(.init2)
 *(.init3)
 *(.init3)
 *(.init4)
 .init4         0x000000d4       0x16 c:/program files (x86)/atmel/studio/7.0/toolchain/avr8/avr8-gnu-toolchain/bin/../lib/gcc/avr/5.4.0/avr5\libgcc.a(_copy_data.o)
                0x000000d4                __do_copy_data
 .init4         0x000000ea       0x10 c:/program files (x86)/atmel/studio/7.0/toolchain/avr8/avr8-gnu-toolchain/bin/../lib/gcc/avr/5.4.0/avr5\libgcc.a(_clear_bss.o)
                0x000000ea                __do_clear_bss
 *(.init4)
 *(.init5)
 *(.init5)
 *(.init6)
 .init6         0x000000fa       0x16 c:/program files (x86)/atmel/studio/7.0/toolchain/avr8/avr8-gnu-toolchain/bin/../lib/gcc/avr/5.4.0/avr5\libgcc.a(_ctors.o)
                0x000000fa                __do_global_ctors
 *(.init6)
 *(.init7)
 *(.init7)
 *(.init8)
 *(.init8)
 *(.init9)
 .init9         0x00000110        0x8 C:/Program Files (x86)/Atmel/Studio/7.0/Packs/atmel/ATmega_DFP/1.2.132/gcc/dev/atmega328p/avr5/crtatmega328p.o
 *(.init9)
 *(.text)
 .text          0x00000118        0x4 C:/Program Files (x86)/Atmel/Studio/7.0/Packs/atmel/ATmega_DFP/1.2.132/gcc/dev/atmega328p/avr5/crtatmega328p.o
                0x00000118                __vector_22
                0x00000118                __vector_1
                0x00000118                __vector_24
                0x00000118                __vector_12
                0x00000118                __bad_interrupt
                0x00000118                __vector_6
                0x00000118                __vector_23
                0x00000118                __vector_25
                0x00000118                __vector_11
                0x00000118                __vector_13
                0x00000118                __vector_17
                0x00000118                __vector_7
                0x00000118                __vector_9
                0x00000118                __vector_2
                0x00000118                __vector_21
                0x00000118                __vector_15
                0x00000118                __vector_8
                0x00000118                __vector_14
                0x00000118                __vector_10
                0x00000118                __vector_20
                0x0000011c                . = ALIGN (0x2)
 *(.text.*)
 .text.setup    0x0000011c       0x44 Sketch.o
                0x0000011c                setup
 .text._Z17dojo_statemachinev
                0x00000160        0x4 Sketch.o
                0x00000160                _Z17dojo_statemachinev
 .text.loop     0x00000164       0x24 Sketch.o
                0x00000164                loop
 .text.startup._GLOBAL__sub_I_mySerial
                0x00000188       0x1c Sketch.o
 .text.exit._GLOBAL__sub_D_mySerial
                0x000001a4       0x10 Sketch.o
 .text._Z19multiplexControlleri
                0x000001b4        0xc src/Dojo_Functions.o
                0x000001b4                _Z19multiplexControlleri
 .text._Z15vibroControllerb
                0x000001c0       0x22 src/Dojo_Functions.o
                0x000001c0                _Z15vibroControllerb
 .text._Z13testComparingj
                0x000001e2       0x64 src/Dojo_Functions.o
                0x000001e2                _Z13testComparingj
 .text._Z11pinSetupWTVv
                0x00000246       0x30 src/Dojo_Functions.o
                0x00000246                _Z11pinSetupWTVv
 .text._Z11sendCommandi.part.2
                0x00000276       0x20 src/Dojo_Functions.o
 .text._Z11sendCommandi
                0x00000296       0x34 src/Dojo_Functions.o
                0x00000296                _Z11sendCommandi
 .text._Z10readAnswerv
                0x000002ca       0x14 src/Dojo_Functions.o
                0x000002ca                _Z10readAnswerv
 .text._Z13firstResponsev
                0x000002de       0x40 src/Dojo_Functions.o
                0x000002de                _Z13firstResponsev
 .text._Z12readValueDeci
                0x0000031e       0x50 src/Dojo_Functions.o
                0x0000031e                _Z12readValueDeci
 .text._Z12getUUID_RSSIv
                0x0000036e       0x76 src/Dojo_Functions.o
                0x0000036e                _Z12getUUID_RSSIv
 .text._Z13compareBeaconv
                0x000003e4       0x72 src/Dojo_Functions.o
                0x000003e4                _Z13compareBeaconv
 .text._Z17scanClosestBeaconv
                0x00000456       0x62 src/Dojo_Functions.o
                0x00000456                _Z17scanClosestBeaconv
 .text._Z4scanv
                0x000004b8       0x14 src/Dojo_Functions.o
                0x000004b8                _Z4scanv
 .text._ZN5Print17availableForWriteEv
                0x000004cc        0x6 src/libraries/SoftwareSerial/src/SoftwareSerial.o
                0x000004cc                _ZN5Print17availableForWriteEv
 .text._ZN14SoftwareSerial4readEv
                0x000004d2       0x42 src/libraries/SoftwareSerial/src/SoftwareSerial.o
                0x000004d2                _ZN14SoftwareSerial4readEv
 .text._ZN14SoftwareSerial5writeEh
                0x00000514       0xa0 src/libraries/SoftwareSerial/src/SoftwareSerial.o
                0x00000514                _ZN14SoftwareSerial5writeEh
 .text._ZN14SoftwareSerial5flushEv
                0x000005b4        0x2 src/libraries/SoftwareSerial/src/SoftwareSerial.o
                0x000005b4                _ZN14SoftwareSerial5flushEv
 .text._ZN14SoftwareSerial4peekEv
                0x000005b6       0x30 src/libraries/SoftwareSerial/src/SoftwareSerial.o
                0x000005b6                _ZN14SoftwareSerial4peekEv
 .text._ZN14SoftwareSerial9availableEv
                0x000005e6       0x30 src/libraries/SoftwareSerial/src/SoftwareSerial.o
                0x000005e6                _ZN14SoftwareSerial9availableEv
 .text._ZN14SoftwareSerial13stopListeningEv
                0x00000616       0x2c src/libraries/SoftwareSerial/src/SoftwareSerial.o
                0x00000616                _ZN14SoftwareSerial13stopListeningEv
 .text._ZN14SoftwareSerial6listenEv
                0x00000642       0x52 src/libraries/SoftwareSerial/src/SoftwareSerial.o
                0x00000642                _ZN14SoftwareSerial6listenEv
 .text.__vector_3
                0x00000694       0xf4 src/libraries/SoftwareSerial/src/SoftwareSerial.o
                0x00000694                __vector_5
                0x00000694                __vector_4
                0x00000694                __vector_3
 .text._ZN14SoftwareSerialD2Ev
                0x00000788        0xe src/libraries/SoftwareSerial/src/SoftwareSerial.o
                0x00000788                _ZN14SoftwareSerialD1Ev
                0x00000788                _ZN14SoftwareSerialD2Ev
 .text._ZN14SoftwareSerial5setTXEh
                0x00000796       0x52 src/libraries/SoftwareSerial/src/SoftwareSerial.o
                0x00000796                _ZN14SoftwareSerial5setTXEh
 .text._ZN14SoftwareSerial5setRXEh
                0x000007e8       0x52 src/libraries/SoftwareSerial/src/SoftwareSerial.o
                0x000007e8                _ZN14SoftwareSerial5setRXEh
 .text._ZN14SoftwareSerialC2Ehhb
                0x0000083a       0x56 src/libraries/SoftwareSerial/src/SoftwareSerial.o
                0x0000083a                _ZN14SoftwareSerialC1Ehhb
                0x0000083a                _ZN14SoftwareSerialC2Ehhb
 .text._ZN14SoftwareSerial5beginEl
                0x00000890      0x11c src/libraries/SoftwareSerial/src/SoftwareSerial.o
                0x00000890                _ZN14SoftwareSerial5beginEl
 .text.__vector_18
                0x000009ac       0x64 C:\Users\andre\Documents\GitKraken\pro4E\arduino_pro4\dojo_project\dojo_project\ArduinoCore\Debug\libArduinoCore.a(HardwareSerial0.o)
                0x000009ac                __vector_18
 .text.__vector_19
                0x00000a10       0x4c C:\Users\andre\Documents\GitKraken\pro4E\arduino_pro4\dojo_project\dojo_project\ArduinoCore\Debug\libArduinoCore.a(HardwareSerial0.o)
                0x00000a10                __vector_19
 .text._Z17Serial0_availablev
                0x00000a5c       0x14 C:\Users\andre\Documents\GitKraken\pro4E\arduino_pro4\dojo_project\dojo_project\ArduinoCore\Debug\libArduinoCore.a(HardwareSerial0.o)
                0x00000a5c                _Z17Serial0_availablev
 .text.startup._GLOBAL__sub_I___vector_18
                0x00000a70       0x5a C:\Users\andre\Documents\GitKraken\pro4E\arduino_pro4\dojo_project\dojo_project\ArduinoCore\Debug\libArduinoCore.a(HardwareSerial0.o)
 .text.initVariant
                0x00000aca        0x2 C:\Users\andre\Documents\GitKraken\pro4E\arduino_pro4\dojo_project\dojo_project\ArduinoCore\Debug\libArduinoCore.a(main.o)
                0x00000aca                initVariant
 .text.startup.main
                0x00000acc       0x1e C:\Users\andre\Documents\GitKraken\pro4E\arduino_pro4\dojo_project\dojo_project\ArduinoCore\Debug\libArduinoCore.a(main.o)
                0x00000acc                main
 .text._ZN5Print5writeEPKhj
                0x00000aea       0x54 C:\Users\andre\Documents\GitKraken\pro4E\arduino_pro4\dojo_project\dojo_project\ArduinoCore\Debug\libArduinoCore.a(Print.o)
                0x00000aea                _ZN5Print5writeEPKhj
 .text._ZN5Print5writeEPKc
                0x00000b3e       0x2a C:\Users\andre\Documents\GitKraken\pro4E\arduino_pro4\dojo_project\dojo_project\ArduinoCore\Debug\libArduinoCore.a(Print.o)
                0x00000b3e                _ZN5Print5writeEPKc
 .text._ZN5Print7printlnEv
                0x00000b68        0x8 C:\Users\andre\Documents\GitKraken\pro4E\arduino_pro4\dojo_project\dojo_project\ArduinoCore\Debug\libArduinoCore.a(Print.o)
                0x00000b68                _ZN5Print7printlnEv
 .text._ZN5Print7printlnEPKc
                0x00000b70       0x24 C:\Users\andre\Documents\GitKraken\pro4E\arduino_pro4\dojo_project\dojo_project\ArduinoCore\Debug\libArduinoCore.a(Print.o)
                0x00000b70                _ZN5Print7printlnEPKc
 .text._ZN5Print11printNumberEmh
                0x00000b94       0x92 C:\Users\andre\Documents\GitKraken\pro4E\arduino_pro4\dojo_project\dojo_project\ArduinoCore\Debug\libArduinoCore.a(Print.o)
                0x00000b94                _ZN5Print11printNumberEmh
 .text._ZN5Print5printEmi
                0x00000c26       0x1a C:\Users\andre\Documents\GitKraken\pro4E\arduino_pro4\dojo_project\dojo_project\ArduinoCore\Debug\libArduinoCore.a(Print.o)
                0x00000c26                _ZN5Print5printEmi
 .text._ZN5Print5printEji
                0x00000c40        0xc C:\Users\andre\Documents\GitKraken\pro4E\arduino_pro4\dojo_project\dojo_project\ArduinoCore\Debug\libArduinoCore.a(Print.o)
                0x00000c40                _ZN5Print5printEji
 .text._ZN5Print7printlnEji
                0x00000c4c       0x24 C:\Users\andre\Documents\GitKraken\pro4E\arduino_pro4\dojo_project\dojo_project\ArduinoCore\Debug\libArduinoCore.a(Print.o)
                0x00000c4c                _ZN5Print7printlnEji
 .text.__vector_16
                0x00000c70       0x94 C:\Users\andre\Documents\GitKraken\pro4E\arduino_pro4\dojo_project\dojo_project\ArduinoCore\Debug\libArduinoCore.a(wiring.o)
                0x00000c70                __vector_16
 .text.init     0x00000d04       0x76 C:\Users\andre\Documents\GitKraken\pro4E\arduino_pro4\dojo_project\dojo_project\ArduinoCore\Debug\libArduinoCore.a(wiring.o)
                0x00000d04                init
 .text.turnOffPWM
                0x00000d7a       0x52 C:\Users\andre\Documents\GitKraken\pro4E\arduino_pro4\dojo_project\dojo_project\ArduinoCore\Debug\libArduinoCore.a(wiring_digital.o)
 .text.pinMode  0x00000dcc       0x78 C:\Users\andre\Documents\GitKraken\pro4E\arduino_pro4\dojo_project\dojo_project\ArduinoCore\Debug\libArduinoCore.a(wiring_digital.o)
                0x00000dcc                pinMode
 .text.digitalWrite
                0x00000e44       0x5e C:\Users\andre\Documents\GitKraken\pro4E\arduino_pro4\dojo_project\dojo_project\ArduinoCore\Debug\libArduinoCore.a(wiring_digital.o)
                0x00000e44                digitalWrite
 .text._ZN14HardwareSerial9availableEv
                0x00000ea2       0x18 C:\Users\andre\Documents\GitKraken\pro4E\arduino_pro4\dojo_project\dojo_project\ArduinoCore\Debug\libArduinoCore.a(HardwareSerial.o)
                0x00000ea2                _ZN14HardwareSerial9availableEv
 .text._ZN14HardwareSerial4peekEv
                0x00000eba       0x1c C:\Users\andre\Documents\GitKraken\pro4E\arduino_pro4\dojo_project\dojo_project\ArduinoCore\Debug\libArduinoCore.a(HardwareSerial.o)
                0x00000eba                _ZN14HardwareSerial4peekEv
 .text._ZN14HardwareSerial4readEv
                0x00000ed6       0x28 C:\Users\andre\Documents\GitKraken\pro4E\arduino_pro4\dojo_project\dojo_project\ArduinoCore\Debug\libArduinoCore.a(HardwareSerial.o)
                0x00000ed6                _ZN14HardwareSerial4readEv
 .text._ZN14HardwareSerial17availableForWriteEv
                0x00000efe       0x1e C:\Users\andre\Documents\GitKraken\pro4E\arduino_pro4\dojo_project\dojo_project\ArduinoCore\Debug\libArduinoCore.a(HardwareSerial.o)
                0x00000efe                _ZN14HardwareSerial17availableForWriteEv
 .text._Z14serialEventRunv
                0x00000f1c       0x1c C:\Users\andre\Documents\GitKraken\pro4E\arduino_pro4\dojo_project\dojo_project\ArduinoCore\Debug\libArduinoCore.a(HardwareSerial.o)
                0x00000f1c                _Z14serialEventRunv
 .text._ZN14HardwareSerial17_tx_udr_empty_irqEv
                0x00000f38       0x42 C:\Users\andre\Documents\GitKraken\pro4E\arduino_pro4\dojo_project\dojo_project\ArduinoCore\Debug\libArduinoCore.a(HardwareSerial.o)
                0x00000f38                _ZN14HardwareSerial17_tx_udr_empty_irqEv
 .text._ZN14HardwareSerial5writeEh
                0x00000f7a       0x8e C:\Users\andre\Documents\GitKraken\pro4E\arduino_pro4\dojo_project\dojo_project\ArduinoCore\Debug\libArduinoCore.a(HardwareSerial.o)
                0x00000f7a                _ZN14HardwareSerial5writeEh
 .text._ZN14HardwareSerial5flushEv
                0x00001008       0x44 C:\Users\andre\Documents\GitKraken\pro4E\arduino_pro4\dojo_project\dojo_project\ArduinoCore\Debug\libArduinoCore.a(HardwareSerial.o)
                0x00001008                _ZN14HardwareSerial5flushEv
 .text.libgcc.div
                0x0000104c       0x28 c:/program files (x86)/atmel/studio/7.0/toolchain/avr8/avr8-gnu-toolchain/bin/../lib/gcc/avr/5.4.0/avr5\libgcc.a(_divmodhi4.o)
                0x0000104c                _div
                0x0000104c                __divmodhi4
 .text.libgcc.div
                0x00001074       0x44 c:/program files (x86)/atmel/studio/7.0/toolchain/avr8/avr8-gnu-toolchain/bin/../lib/gcc/avr/5.4.0/avr5\libgcc.a(_udivmodsi4.o)
                0x00001074                __udivmodsi4
 .text.libgcc.div
                0x000010b8       0x2e c:/program files (x86)/atmel/studio/7.0/toolchain/avr8/avr8-gnu-toolchain/bin/../lib/gcc/avr/5.4.0/avr5\libgcc.a(_divmodsi4.o)
                0x000010b8                __divmodsi4
 .text.libgcc.div
                0x000010e6       0x10 c:/program files (x86)/atmel/studio/7.0/toolchain/avr8/avr8-gnu-toolchain/bin/../lib/gcc/avr/5.4.0/avr5\libgcc.a(_negsi2.o)
                0x000010e6                __negsi2
 .text.libgcc.div
                0x000010f6       0x28 c:/program files (x86)/atmel/studio/7.0/toolchain/avr8/avr8-gnu-toolchain/bin/../lib/gcc/avr/5.4.0/avr5\libgcc.a(_udivmodhi4.o)
                0x000010f6                __udivmodhi4
 .text.libgcc   0x0000111e        0xc c:/program files (x86)/atmel/studio/7.0/toolchain/avr8/avr8-gnu-toolchain/bin/../lib/gcc/avr/5.4.0/avr5\libgcc.a(_tablejump2.o)
                0x0000111e                __tablejump2__
                0x0000112a                . = ALIGN (0x2)
 *(.fini9)
 .fini9         0x0000112a        0x0 c:/program files (x86)/atmel/studio/7.0/toolchain/avr8/avr8-gnu-toolchain/bin/../lib/gcc/avr/5.4.0/avr5\libgcc.a(_exit.o)
                0x0000112a                _exit
                0x0000112a                exit
 *(.fini9)
 *(.fini8)
 *(.fini8)
 *(.fini7)
 *(.fini7)
 *(.fini6)
 .fini6         0x0000112a       0x16 c:/program files (x86)/atmel/studio/7.0/toolchain/avr8/avr8-gnu-toolchain/bin/../lib/gcc/avr/5.4.0/avr5\libgcc.a(_dtors.o)
                0x0000112a                __do_global_dtors
 *(.fini6)
 *(.fini5)
 *(.fini5)
 *(.fini4)
 *(.fini4)
 *(.fini3)
 *(.fini3)
 *(.fini2)
 *(.fini2)
 *(.fini1)
 *(.fini1)
 *(.fini0)
 .fini0         0x00001140        0x4 c:/program files (x86)/atmel/studio/7.0/toolchain/avr8/avr8-gnu-toolchain/bin/../lib/gcc/avr/5.4.0/avr5\libgcc.a(_exit.o)
 *(.fini0)
                0x00001144                _etext = .

.data           0x00800100       0x7e load address 0x00001144
                0x00800100                PROVIDE (__data_start, .)
 *(.data)
 *(.data*)
 .data.command_ATDISI
                0x00800100        0x8 src/Dojo_Functions.o
                0x00800100                command_ATDISI
 .data.command_AT
                0x00800108        0x2 src/Dojo_Functions.o
                0x00800108                command_AT
 *(.rodata)
 *(.rodata*)
 .rodata.str1.1
                0x0080010a        0x7 Sketch.o
 .rodata.str1.1
                0x00800111       0x39 src/Dojo_Functions.o
                                 0x3a (size before relaxing)
 .rodata._ZTV14SoftwareSerial
                0x0080014a       0x12 src/libraries/SoftwareSerial/src/SoftwareSerial.o
                0x0080014a                _ZTV14SoftwareSerial
 .rodata.str1.1
                0x0080015c        0xf C:\Users\andre\Documents\GitKraken\pro4E\arduino_pro4\dojo_project\dojo_project\ArduinoCore\Debug\libArduinoCore.a(Print.o)
 .rodata._ZTV14HardwareSerial
                0x0080016b       0x12 C:\Users\andre\Documents\GitKraken\pro4E\arduino_pro4\dojo_project\dojo_project\ArduinoCore\Debug\libArduinoCore.a(HardwareSerial.o)
                0x0080016b                _ZTV14HardwareSerial
 *(.gnu.linkonce.d*)
                0x0080017e                . = ALIGN (0x2)
 *fill*         0x0080017d        0x1 
                0x0080017e                _edata = .
                0x0080017e                PROVIDE (__data_end, .)

.bss            0x0080017e      0x131
                0x0080017e                PROVIDE (__bss_start, .)
 *(.bss)
 *(.bss*)
 .bss.BTSerial  0x0080017e       0x1f Sketch.o
                0x0080017e                BTSerial
 .bss.mySerial  0x0080019d       0x1f Sketch.o
                0x0080019d                mySerial
 .bss._ZZ13testComparingjE7compare
                0x008001bc        0x2 src/Dojo_Functions.o
 .bss.closest_Beacon
                0x008001be        0x6 src/Dojo_Functions.o
                0x008001be                closest_Beacon
 .bss.firstBeacon
                0x008001c4        0x1 src/Dojo_Functions.o
                0x008001c4                firstBeacon
 .bss._ZN14SoftwareSerial20_receive_buffer_headE
                0x008001c5        0x1 src/libraries/SoftwareSerial/src/SoftwareSerial.o
                0x008001c5                _ZN14SoftwareSerial20_receive_buffer_headE
 .bss._ZN14SoftwareSerial20_receive_buffer_tailE
                0x008001c6        0x1 src/libraries/SoftwareSerial/src/SoftwareSerial.o
                0x008001c6                _ZN14SoftwareSerial20_receive_buffer_tailE
 .bss._ZN14SoftwareSerial15_receive_bufferE
                0x008001c7       0x40 src/libraries/SoftwareSerial/src/SoftwareSerial.o
                0x008001c7                _ZN14SoftwareSerial15_receive_bufferE
 .bss._ZN14SoftwareSerial13active_objectE
                0x00800207        0x2 src/libraries/SoftwareSerial/src/SoftwareSerial.o
                0x00800207                _ZN14SoftwareSerial13active_objectE
 .bss.Serial    0x00800209       0x9d C:\Users\andre\Documents\GitKraken\pro4E\arduino_pro4\dojo_project\dojo_project\ArduinoCore\Debug\libArduinoCore.a(HardwareSerial0.o)
                0x00800209                Serial
 .bss.timer0_fract
                0x008002a6        0x1 C:\Users\andre\Documents\GitKraken\pro4E\arduino_pro4\dojo_project\dojo_project\ArduinoCore\Debug\libArduinoCore.a(wiring.o)
 .bss.timer0_millis
                0x008002a7        0x4 C:\Users\andre\Documents\GitKraken\pro4E\arduino_pro4\dojo_project\dojo_project\ArduinoCore\Debug\libArduinoCore.a(wiring.o)
                0x008002a7                timer0_millis
 .bss.timer0_overflow_count
                0x008002ab        0x4 C:\Users\andre\Documents\GitKraken\pro4E\arduino_pro4\dojo_project\dojo_project\ArduinoCore\Debug\libArduinoCore.a(wiring.o)
                0x008002ab                timer0_overflow_count
 *(COMMON)
                0x008002af                PROVIDE (__bss_end, .)
                0x00001144                __data_load_start = LOADADDR (.data)
                0x000011c2                __data_load_end = (__data_load_start + SIZEOF (.data))

.noinit         0x008002af        0x0
                [!provide]                PROVIDE (__noinit_start, .)
 *(.noinit*)
                [!provide]                PROVIDE (__noinit_end, .)
                0x008002af                _end = .
                [!provide]                PROVIDE (__heap_start, .)

.eeprom         0x00810000        0x0
 *(.eeprom*)
                0x00810000                __eeprom_end = .

.fuse
 *(.fuse)
 *(.lfuse)
 *(.hfuse)
 *(.efuse)

.lock
 *(.lock*)

.signature
 *(.signature*)

.user_signatures
 *(.user_signatures*)

.stab
 *(.stab)

.stabstr
 *(.stabstr)

.stab.excl
 *(.stab.excl)

.stab.exclstr
 *(.stab.exclstr)

.stab.index
 *(.stab.index)

.stab.indexstr
 *(.stab.indexstr)

.comment        0x00000000       0x30
 *(.comment)
 .comment       0x00000000       0x30 Sketch.o
                                 0x31 (size before relaxing)
 .comment       0x00000030       0x31 src/Dojo_Functions.o
 .comment       0x00000030       0x31 src/libraries/SoftwareSerial/src/SoftwareSerial.o
 .comment       0x00000030       0x31 C:\Users\andre\Documents\GitKraken\pro4E\arduino_pro4\dojo_project\dojo_project\ArduinoCore\Debug\libArduinoCore.a(HardwareSerial0.o)
 .comment       0x00000030       0x31 C:\Users\andre\Documents\GitKraken\pro4E\arduino_pro4\dojo_project\dojo_project\ArduinoCore\Debug\libArduinoCore.a(main.o)
 .comment       0x00000030       0x31 C:\Users\andre\Documents\GitKraken\pro4E\arduino_pro4\dojo_project\dojo_project\ArduinoCore\Debug\libArduinoCore.a(Print.o)
 .comment       0x00000030       0x31 C:\Users\andre\Documents\GitKraken\pro4E\arduino_pro4\dojo_project\dojo_project\ArduinoCore\Debug\libArduinoCore.a(wiring.o)
 .comment       0x00000030       0x31 C:\Users\andre\Documents\GitKraken\pro4E\arduino_pro4\dojo_project\dojo_project\ArduinoCore\Debug\libArduinoCore.a(wiring_digital.o)
 .comment       0x00000030       0x31 C:\Users\andre\Documents\GitKraken\pro4E\arduino_pro4\dojo_project\dojo_project\ArduinoCore\Debug\libArduinoCore.a(HardwareSerial.o)

.note.gnu.avr.deviceinfo
                0x00000000       0x40
 .note.gnu.avr.deviceinfo
                0x00000000       0x40 C:/Program Files (x86)/Atmel/Studio/7.0/Packs/atmel/ATmega_DFP/1.2.132/gcc/dev/atmega328p/avr5/crtatmega328p.o

.note.gnu.build-id
 *(.note.gnu.build-id)

.debug
 *(.debug)

.line
 *(.line)

.debug_srcinfo
 *(.debug_srcinfo)

.debug_sfnames
 *(.debug_sfnames)

.debug_aranges  0x00000000      0x3e8
 *(.debug_aranges)
 .debug_aranges
                0x00000000       0x40 Sketch.o
 .debug_aranges
                0x00000040       0xa0 src/Dojo_Functions.o
 .debug_aranges
                0x000000e0       0xa8 src/libraries/SoftwareSerial/src/SoftwareSerial.o
 .debug_aranges
                0x00000188       0x48 C:\Users\andre\Documents\GitKraken\pro4E\arduino_pro4\dojo_project\dojo_project\ArduinoCore\Debug\libArduinoCore.a(HardwareSerial0.o)
 .debug_aranges
                0x000001d0       0x30 C:\Users\andre\Documents\GitKraken\pro4E\arduino_pro4\dojo_project\dojo_project\ArduinoCore\Debug\libArduinoCore.a(main.o)
 .debug_aranges
                0x00000200      0x100 C:\Users\andre\Documents\GitKraken\pro4E\arduino_pro4\dojo_project\dojo_project\ArduinoCore\Debug\libArduinoCore.a(Print.o)
 .debug_aranges
                0x00000300       0x48 C:\Users\andre\Documents\GitKraken\pro4E\arduino_pro4\dojo_project\dojo_project\ArduinoCore\Debug\libArduinoCore.a(wiring.o)
 .debug_aranges
                0x00000348       0x38 C:\Users\andre\Documents\GitKraken\pro4E\arduino_pro4\dojo_project\dojo_project\ArduinoCore\Debug\libArduinoCore.a(wiring_digital.o)
 .debug_aranges
                0x00000380       0x68 C:\Users\andre\Documents\GitKraken\pro4E\arduino_pro4\dojo_project\dojo_project\ArduinoCore\Debug\libArduinoCore.a(HardwareSerial.o)

.debug_pubnames
 *(.debug_pubnames)

.debug_info     0x00000000     0xb06a
 *(.debug_info .gnu.linkonce.wi.*)
 .debug_info    0x00000000      0x5f4 C:/Program Files (x86)/Atmel/Studio/7.0/Packs/atmel/ATmega_DFP/1.2.132/gcc/dev/atmega328p/avr5/crtatmega328p.o
 .debug_info    0x000005f4      0x588 Sketch.o
 .debug_info    0x00000b7c      0xe5e src/Dojo_Functions.o
 .debug_info    0x000019da     0x28f2 src/libraries/SoftwareSerial/src/SoftwareSerial.o
 .debug_info    0x000042cc     0x1b16 C:\Users\andre\Documents\GitKraken\pro4E\arduino_pro4\dojo_project\dojo_project\ArduinoCore\Debug\libArduinoCore.a(HardwareSerial0.o)
 .debug_info    0x00005de2      0x237 C:\Users\andre\Documents\GitKraken\pro4E\arduino_pro4\dojo_project\dojo_project\ArduinoCore\Debug\libArduinoCore.a(main.o)
 .debug_info    0x00006019     0x28ff C:\Users\andre\Documents\GitKraken\pro4E\arduino_pro4\dojo_project\dojo_project\ArduinoCore\Debug\libArduinoCore.a(Print.o)
 .debug_info    0x00008918      0x2cb C:\Users\andre\Documents\GitKraken\pro4E\arduino_pro4\dojo_project\dojo_project\ArduinoCore\Debug\libArduinoCore.a(wiring.o)
 .debug_info    0x00008be3      0x5fe C:\Users\andre\Documents\GitKraken\pro4E\arduino_pro4\dojo_project\dojo_project\ArduinoCore\Debug\libArduinoCore.a(wiring_digital.o)
 .debug_info    0x000091e1     0x1e89 C:\Users\andre\Documents\GitKraken\pro4E\arduino_pro4\dojo_project\dojo_project\ArduinoCore\Debug\libArduinoCore.a(HardwareSerial.o)

.debug_abbrev   0x00000000     0x21f1
 *(.debug_abbrev)
 .debug_abbrev  0x00000000      0x5a2 C:/Program Files (x86)/Atmel/Studio/7.0/Packs/atmel/ATmega_DFP/1.2.132/gcc/dev/atmega328p/avr5/crtatmega328p.o
 .debug_abbrev  0x000005a2      0x23e Sketch.o
 .debug_abbrev  0x000007e0      0x3be src/Dojo_Functions.o
 .debug_abbrev  0x00000b9e      0x60b src/libraries/SoftwareSerial/src/SoftwareSerial.o
 .debug_abbrev  0x000011a9      0x3ce C:\Users\andre\Documents\GitKraken\pro4E\arduino_pro4\dojo_project\dojo_project\ArduinoCore\Debug\libArduinoCore.a(HardwareSerial0.o)
 .debug_abbrev  0x00001577      0x12d C:\Users\andre\Documents\GitKraken\pro4E\arduino_pro4\dojo_project\dojo_project\ArduinoCore\Debug\libArduinoCore.a(main.o)
 .debug_abbrev  0x000016a4      0x47a C:\Users\andre\Documents\GitKraken\pro4E\arduino_pro4\dojo_project\dojo_project\ArduinoCore\Debug\libArduinoCore.a(Print.o)
 .debug_abbrev  0x00001b1e      0x146 C:\Users\andre\Documents\GitKraken\pro4E\arduino_pro4\dojo_project\dojo_project\ArduinoCore\Debug\libArduinoCore.a(wiring.o)
 .debug_abbrev  0x00001c64      0x15b C:\Users\andre\Documents\GitKraken\pro4E\arduino_pro4\dojo_project\dojo_project\ArduinoCore\Debug\libArduinoCore.a(wiring_digital.o)
 .debug_abbrev  0x00001dbf      0x432 C:\Users\andre\Documents\GitKraken\pro4E\arduino_pro4\dojo_project\dojo_project\ArduinoCore\Debug\libArduinoCore.a(HardwareSerial.o)

.debug_line     0x00000000     0x25fd
 *(.debug_line .debug_line.* .debug_line_end)
 .debug_line    0x00000000      0x133 C:/Program Files (x86)/Atmel/Studio/7.0/Packs/atmel/ATmega_DFP/1.2.132/gcc/dev/atmega328p/avr5/crtatmega328p.o
 .debug_line    0x00000133      0x2f2 Sketch.o
 .debug_line    0x00000425      0x658 src/Dojo_Functions.o
 .debug_line    0x00000a7d      0x7f9 src/libraries/SoftwareSerial/src/SoftwareSerial.o
 .debug_line    0x00001276      0x28c C:\Users\andre\Documents\GitKraken\pro4E\arduino_pro4\dojo_project\dojo_project\ArduinoCore\Debug\libArduinoCore.a(HardwareSerial0.o)
 .debug_line    0x00001502      0x165 C:\Users\andre\Documents\GitKraken\pro4E\arduino_pro4\dojo_project\dojo_project\ArduinoCore\Debug\libArduinoCore.a(main.o)
 .debug_line    0x00001667      0x685 C:\Users\andre\Documents\GitKraken\pro4E\arduino_pro4\dojo_project\dojo_project\ArduinoCore\Debug\libArduinoCore.a(Print.o)
 .debug_line    0x00001cec      0x299 C:\Users\andre\Documents\GitKraken\pro4E\arduino_pro4\dojo_project\dojo_project\ArduinoCore\Debug\libArduinoCore.a(wiring.o)
 .debug_line    0x00001f85      0x252 C:\Users\andre\Documents\GitKraken\pro4E\arduino_pro4\dojo_project\dojo_project\ArduinoCore\Debug\libArduinoCore.a(wiring_digital.o)
 .debug_line    0x000021d7      0x426 C:\Users\andre\Documents\GitKraken\pro4E\arduino_pro4\dojo_project\dojo_project\ArduinoCore\Debug\libArduinoCore.a(HardwareSerial.o)

.debug_frame    0x00000000      0xb48
 *(.debug_frame)
 .debug_frame   0x00000000       0x64 Sketch.o
 .debug_frame   0x00000064      0x1e0 src/Dojo_Functions.o
 .debug_frame   0x00000244      0x1d4 src/libraries/SoftwareSerial/src/SoftwareSerial.o
 .debug_frame   0x00000418       0xe0 C:\Users\andre\Documents\GitKraken\pro4E\arduino_pro4\dojo_project\dojo_project\ArduinoCore\Debug\libArduinoCore.a(HardwareSerial0.o)
 .debug_frame   0x000004f8       0x54 C:\Users\andre\Documents\GitKraken\pro4E\arduino_pro4\dojo_project\dojo_project\ArduinoCore\Debug\libArduinoCore.a(main.o)
 .debug_frame   0x0000054c      0x3ac C:\Users\andre\Documents\GitKraken\pro4E\arduino_pro4\dojo_project\dojo_project\ArduinoCore\Debug\libArduinoCore.a(Print.o)
 .debug_frame   0x000008f8       0xc4 C:\Users\andre\Documents\GitKraken\pro4E\arduino_pro4\dojo_project\dojo_project\ArduinoCore\Debug\libArduinoCore.a(wiring.o)
 .debug_frame   0x000009bc       0x7c C:\Users\andre\Documents\GitKraken\pro4E\arduino_pro4\dojo_project\dojo_project\ArduinoCore\Debug\libArduinoCore.a(wiring_digital.o)
 .debug_frame   0x00000a38      0x110 C:\Users\andre\Documents\GitKraken\pro4E\arduino_pro4\dojo_project\dojo_project\ArduinoCore\Debug\libArduinoCore.a(HardwareSerial.o)

.debug_str      0x00000000     0x28c5
 *(.debug_str)
 .debug_str     0x00000000      0x208 C:/Program Files (x86)/Atmel/Studio/7.0/Packs/atmel/ATmega_DFP/1.2.132/gcc/dev/atmega328p/avr5/crtatmega328p.o
 .debug_str     0x00000208      0x442 Sketch.o
                                0x4a5 (size before relaxing)
 .debug_str     0x0000064a      0x366 src/Dojo_Functions.o
                                0x739 (size before relaxing)
 .debug_str     0x000009b0     0x157a src/libraries/SoftwareSerial/src/SoftwareSerial.o
                               0x193d (size before relaxing)
 .debug_str     0x00001f2a      0x1a1 C:\Users\andre\Documents\GitKraken\pro4E\arduino_pro4\dojo_project\dojo_project\ArduinoCore\Debug\libArduinoCore.a(HardwareSerial0.o)
                               0x1415 (size before relaxing)
 .debug_str     0x000020cb       0x5a C:\Users\andre\Documents\GitKraken\pro4E\arduino_pro4\dojo_project\dojo_project\ArduinoCore\Debug\libArduinoCore.a(main.o)
                                0x2c1 (size before relaxing)
 .debug_str     0x00002125      0x356 C:\Users\andre\Documents\GitKraken\pro4E\arduino_pro4\dojo_project\dojo_project\ArduinoCore\Debug\libArduinoCore.a(Print.o)
                               0x124f (size before relaxing)
 .debug_str     0x0000247b      0x14b C:\Users\andre\Documents\GitKraken\pro4E\arduino_pro4\dojo_project\dojo_project\ArduinoCore\Debug\libArduinoCore.a(wiring.o)
                                0x257 (size before relaxing)
 .debug_str     0x000025c6       0x69 C:\Users\andre\Documents\GitKraken\pro4E\arduino_pro4\dojo_project\dojo_project\ArduinoCore\Debug\libArduinoCore.a(wiring_digital.o)
                                0x2bc (size before relaxing)
 .debug_str     0x0000262f      0x296 C:\Users\andre\Documents\GitKraken\pro4E\arduino_pro4\dojo_project\dojo_project\ArduinoCore\Debug\libArduinoCore.a(HardwareSerial.o)
                               0x15f9 (size before relaxing)

.debug_loc      0x00000000     0x409a
 *(.debug_loc)
 .debug_loc     0x00000000       0x48 Sketch.o
 .debug_loc     0x00000048      0x87a src/Dojo_Functions.o
 .debug_loc     0x000008c2      0xc96 src/libraries/SoftwareSerial/src/SoftwareSerial.o
 .debug_loc     0x00001558      0x1b0 C:\Users\andre\Documents\GitKraken\pro4E\arduino_pro4\dojo_project\dojo_project\ArduinoCore\Debug\libArduinoCore.a(HardwareSerial0.o)
 .debug_loc     0x00001708     0x1c87 C:\Users\andre\Documents\GitKraken\pro4E\arduino_pro4\dojo_project\dojo_project\ArduinoCore\Debug\libArduinoCore.a(Print.o)
 .debug_loc     0x0000338f      0x28d C:\Users\andre\Documents\GitKraken\pro4E\arduino_pro4\dojo_project\dojo_project\ArduinoCore\Debug\libArduinoCore.a(wiring.o)
 .debug_loc     0x0000361c      0x5fc C:\Users\andre\Documents\GitKraken\pro4E\arduino_pro4\dojo_project\dojo_project\ArduinoCore\Debug\libArduinoCore.a(wiring_digital.o)
 .debug_loc     0x00003c18      0x482 C:\Users\andre\Documents\GitKraken\pro4E\arduino_pro4\dojo_project\dojo_project\ArduinoCore\Debug\libArduinoCore.a(HardwareSerial.o)

.debug_macinfo
 *(.debug_macinfo)

.debug_weaknames
 *(.debug_weaknames)

.debug_funcnames
 *(.debug_funcnames)

.debug_typenames
 *(.debug_typenames)

.debug_varnames
 *(.debug_varnames)

.debug_pubtypes
 *(.debug_pubtypes)

.debug_ranges   0x00000000      0x418
 *(.debug_ranges)
 .debug_ranges  0x00000000       0x30 Sketch.o
 .debug_ranges  0x00000030       0xd8 src/Dojo_Functions.o
 .debug_ranges  0x00000108       0xe0 src/libraries/SoftwareSerial/src/SoftwareSerial.o
 .debug_ranges  0x000001e8       0x38 C:\Users\andre\Documents\GitKraken\pro4E\arduino_pro4\dojo_project\dojo_project\ArduinoCore\Debug\libArduinoCore.a(HardwareSerial0.o)
 .debug_ranges  0x00000220       0x20 C:\Users\andre\Documents\GitKraken\pro4E\arduino_pro4\dojo_project\dojo_project\ArduinoCore\Debug\libArduinoCore.a(main.o)
 .debug_ranges  0x00000240      0x120 C:\Users\andre\Documents\GitKraken\pro4E\arduino_pro4\dojo_project\dojo_project\ArduinoCore\Debug\libArduinoCore.a(Print.o)
 .debug_ranges  0x00000360       0x38 C:\Users\andre\Documents\GitKraken\pro4E\arduino_pro4\dojo_project\dojo_project\ArduinoCore\Debug\libArduinoCore.a(wiring.o)
 .debug_ranges  0x00000398       0x28 C:\Users\andre\Documents\GitKraken\pro4E\arduino_pro4\dojo_project\dojo_project\ArduinoCore\Debug\libArduinoCore.a(wiring_digital.o)
 .debug_ranges  0x000003c0       0x58 C:\Users\andre\Documents\GitKraken\pro4E\arduino_pro4\dojo_project\dojo_project\ArduinoCore\Debug\libArduinoCore.a(HardwareSerial.o)

.debug_macro
 *(.debug_macro)
OUTPUT(dojo_project.elf elf32-avr)
LOAD linker stubs
